
[1m[46m RUN [49m[22m [36mv4.0.18 [39m[90m/Users/abelli/Codex/Japanese Custom Study[39m

(node:55965) [DEP0040] DeprecationWarning: The `punycode` module is deprecated. Please use a userland alternative instead.
(Use `node --trace-deprecation ...` to show where the warning was created)
(node:55957) [DEP0040] DeprecationWarning: The `punycode` module is deprecated. Please use a userland alternative instead.
(Use `node --trace-deprecation ...` to show where the warning was created)
(node:55962) [DEP0040] DeprecationWarning: The `punycode` module is deprecated. Please use a userland alternative instead.
(Use `node --trace-deprecation ...` to show where the warning was created)
(node:55961) [DEP0040] DeprecationWarning: The `punycode` module is deprecated. Please use a userland alternative instead.
(Use `node --trace-deprecation ...` to show where the warning was created)
 [32m✓[39m tests/image-workflow.test.ts [2m([22m[2m2 tests[22m[2m)[22m[32m 270[2mms[22m[39m
(node:55960) [DEP0040] DeprecationWarning: The `punycode` module is deprecated. Please use a userland alternative instead.
(Use `node --trace-deprecation ...` to show where the warning was created)
 [32m✓[39m tests/pronunciation-reuse.test.ts [2m([22m[2m2 tests[22m[2m)[22m[32m 189[2mms[22m[39m
(node:55963) [DEP0040] DeprecationWarning: The `punycode` module is deprecated. Please use a userland alternative instead.
(Use `node --trace-deprecation ...` to show where the warning was created)
(node:55987) [DEP0040] DeprecationWarning: The `punycode` module is deprecated. Please use a userland alternative instead.
(Use `node --trace-deprecation ...` to show where the warning was created)
(node:55959) [DEP0040] DeprecationWarning: The `punycode` module is deprecated. Please use a userland alternative instead.
(Use `node --trace-deprecation ...` to show where the warning was created)
 [32m✓[39m tests/db.test.ts [2m([22m[2m7 tests[22m[2m)[22m[33m 428[2mms[22m[39m
(node:55988) [DEP0040] DeprecationWarning: The `punycode` module is deprecated. Please use a userland alternative instead.
(Use `node --trace-deprecation ...` to show where the warning was created)
 [32m✓[39m tests/review-subject-backfill.test.ts [2m([22m[2m1 test[22m[2m)[22m[32m 189[2mms[22m[39m
 [32m✓[39m tests/progress.test.ts [2m([22m[2m4 tests[22m[2m)[22m[33m 365[2mms[22m[39m
 [32m✓[39m tests/review-global-queue.test.ts [2m([22m[2m2 tests[22m[2m)[22m[32m 142[2mms[22m[39m
 [32m✓[39m tests/auth.test.ts [2m([22m[2m6 tests[22m[2m)[22m[32m 90[2mms[22m[39m
 [32m✓[39m tests/pronunciation-workflow.test.ts [2m([22m[2m1 test[22m[2m)[22m[32m 101[2mms[22m[39m
 [32m✓[39m tests/media-assets.test.ts [2m([22m[2m3 tests[22m[2m)[22m[32m 56[2mms[22m[39m
 [31m❯[39m tests/content.test.ts [2m([22m[2m39 tests[22m[2m | [22m[31m1 failed[39m[2m)[22m[33m 1278[2mms[22m[39m
     [32m✓[39m parses frontmatter when the file starts with BOM and uses CRLF[32m 4[2mms[22m[39m
     [32m✓[39m does not parse structured blocks inside longer code fences[32m 0[2mms[22m[39m
     [32m✓[39m tracks semantic references nested inside inline code fragments[32m 6[2mms[22m[39m
     [32m✓[39m tracks semantic references inside block-looking inline code fragments[32m 5[2mms[22m[39m
     [32m✓[39m preserves literal block-looking markdown inside inline code fragments[32m 2[2mms[22m[39m
     [32m✓[39m parses compound furigana for numeric counters and numeric qualifiers[32m 1[2mms[22m[39m
     [32m✓[39m flags furigana bases that keep visible kana inside the ruby[32m 4[2mms[22m[39m
     [32m✓[39m accepts furigana split so kana stays visible[32m 1[2mms[22m[39m
     [32m✓[39m flags furigana split between a number and its counter[32m 1[2mms[22m[39m
     [32m✓[39m flags furigana split between a numeric compound and its qualifier[32m 1[2mms[22m[39m
     [32m✓[39m accepts optional pronunciation metadata on term blocks and merges grammar audio from pronunciations.json[32m 29[2mms[22m[39m
     [32m✓[39m rejects audio metadata without a local audio_src[32m 77[2mms[22m[39m
     [32m✓[39m accepts pitch accent metadata without requiring a local audio_src[32m 42[2mms[22m[39m
     [32m✓[39m tracks semantic references declared inside grammar notes[32m 43[2mms[22m[39m
     [32m✓[39m keeps the parser core under src/lib/content independent from src/db[32m 3[2mms[22m[39m
     [32m✓[39m parses a valid media directory into a normalized bundle[32m 14[2mms[22m[39m
[31m     [31m×[31m parses the real Duel Masters bundle[39m[33m 726[2mms[22m[39m
     [32m✓[39m aggregates media bundles from the content root[32m 10[2mms[22m[39m
     [32m✓[39m allows duplicate term and grammar IDs across different media bundles[32m 22[2mms[22m[39m
     [32m✓[39m accepts explicit cross_media_group links across media even when local source ids differ[32m 28[2mms[22m[39m
     [32m✓[39m rejects malformed cross_media_group identifiers[32m 16[2mms[22m[39m
     [32m✓[39m rejects cross_media_group collisions between term and grammar entries[32m 22[2mms[22m[39m
     [32m✓[39m returns a structured issue when the media root is missing[32m 1[2mms[22m[39m
     [32m✓[39m returns structured issues for invalid content[32m 15[2mms[22m[39m
     [32m✓[39m flags fragile plain YAML scalars that an LLM can emit inside structured blocks[32m 5[2mms[22m[39m
     [32m✓[39m flags full card-text examples left as plain YAML scalars[32m 5[2mms[22m[39m
     [32m✓[39m rejects markdown syntax inside lesson summaries because the UI renders them as plain text[32m 47[2mms[22m[39m
     [32m✓[39m flags bare kanji inside plain-text summaries and media descriptions[32m 48[2mms[22m[39m
     [32m✓[39m fails on duplicate IDs in a small targeted fixture[32m 5[2mms[22m[39m
     [32m✓[39m fails on missing references in a small targeted fixture[32m 6[2mms[22m[39m
     [32m✓[39m fails on textbook image blocks that reference missing assets[32m 7[2mms[22m[39m
     [32m✓[39m flags bare kanji in image alt text and captions[32m 15[2mms[22m[39m
     [32m✓[39m flags bare learner-facing kanji and numerals outside furigana markup[32m 13[2mms[22m[39m
     [32m✓[39m fails on an incomplete bundle fixture without cards/[32m 3[2mms[22m[39m
     [32m✓[39m maps card field issues and references back to the source file[32m 12[2mms[22m[39m
     [32m✓[39m returns a structured issue when media.md is missing[32m 11[2mms[22m[39m
     [32m✓[39m returns a structured issue when textbook/ is missing[32m 9[2mms[22m[39m
     [32m✓[39m returns a structured issue when cards/ is missing[32m 8[2mms[22m[39m
     [32m✓[39m returns structured issues when textbook/ and cards/ are present but empty[32m 9[2mms[22m[39m
 [32m✓[39m tests/pronunciation-fetch.test.ts [2m([22m[2m11 tests[22m[2m)[22m[32m 42[2mms[22m[39m
 [32m✓[39m tests/app-shell.test.ts [2m([22m[2m2 tests[22m[2m)[22m[32m 159[2mms[22m[39m
(node:55992) [DEP0040] DeprecationWarning: The `punycode` module is deprecated. Please use a userland alternative instead.
(Use `node --trace-deprecation ...` to show where the warning was created)
 [32m✓[39m tests/pitch-accent-fetch.test.ts [2m([22m[2m6 tests[22m[2m)[22m[32m 40[2mms[22m[39m
 [32m✓[39m tests/site.test.ts [2m([22m[2m8 tests[22m[2m)[22m[32m 17[2mms[22m[39m
 [32m✓[39m tests/pitch-accent-notation.test.ts [2m([22m[2m3 tests[22m[2m)[22m[32m 9[2mms[22m[39m
 [32m✓[39m tests/render-furigana.test.ts [2m([22m[2m2 tests[22m[2m)[22m[32m 15[2mms[22m[39m
(node:55999) [DEP0040] DeprecationWarning: The `punycode` module is deprecated. Please use a userland alternative instead.
(Use `node --trace-deprecation ...` to show where the warning was created)
 [32m✓[39m tests/glossary-autocomplete.test.ts [2m([22m[2m3 tests[22m[2m)[22m[32m 3[2mms[22m[39m
(node:55998) [DEP0040] DeprecationWarning: The `punycode` module is deprecated. Please use a userland alternative instead.
(Use `node --trace-deprecation ...` to show where the warning was created)
 [32m✓[39m tests/review-subject.test.ts [2m([22m[2m3 tests[22m[2m)[22m[32m 6[2mms[22m[39m
 [32m✓[39m tests/review-profiler.test.ts [2m([22m[2m3 tests[22m[2m)[22m[32m 3[2mms[22m[39m
 [32m✓[39m tests/pitch-accent.test.ts [2m([22m[2m3 tests[22m[2m)[22m[32m 2[2mms[22m[39m
 [32m✓[39m tests/textbook.test.ts [2m([22m[2m16 tests[22m[2m)[22m[33m 1071[2mms[22m[39m
[90mstdout[2m | tests/review-first-candidate-cache.test.ts[2m > [22m[2mglobal review first-candidate cache[2m > [22m[2mreuses the cached snapshot for repeated first-candidate loads and invalidates on review-related cache busts
[22m[39m[review-first-candidate-cache] cold=11.72ms warm=0.22ms

 [32m✓[39m tests/review-first-candidate-cache.test.ts [2m([22m[2m1 test[22m[2m)[22m[32m 62[2mms[22m[39m
 [32m✓[39m tests/textbook-actions.test.ts [2m([22m[2m1 test[22m[2m)[22m[32m 7[2mms[22m[39m
(node:56006) [DEP0040] DeprecationWarning: The `punycode` module is deprecated. Please use a userland alternative instead.
(Use `node --trace-deprecation ...` to show where the warning was created)
 [32m✓[39m tests/settings-page.test.ts [2m([22m[2m2 tests[22m[2m)[22m[32m 9[2mms[22m[39m
 [32m✓[39m tests/db-config.test.ts [2m([22m[2m3 tests[22m[2m)[22m[32m 2[2mms[22m[39m
 [32m✓[39m tests/forvo-pronunciation-fetch.test.ts [2m([22m[2m3 tests[22m[2m)[22m[32m 3[2mms[22m[39m
 [31m❯[39m tests/importer.test.ts [2m([22m[2m11 tests[22m[2m | [22m[31m1 failed[39m[2m)[22m[33m 2262[2mms[22m[39m
     [32m✓[39m imports validated markdown into normalized database tables[32m 211[2mms[22m[39m
[31m     [31m×[31m imports the real Duel Masters bundle[39m[33m 1500[2mms[22m[39m
     [32m✓[39m reimports the same content idempotently without duplicating rows or wiping user state[32m 77[2mms[22m[39m
     [32m✓[39m imports semantic references nested inside inline code into card entry links[32m 55[2mms[22m[39m
     [32m✓[39m imports lesson entry links referenced from grammar notes[32m 46[2mms[22m[39m
     [32m✓[39m updates imported content on reimport while preserving existing user review state[32m 60[2mms[22m[39m
     [32m✓[39m archives removed lessons or cards and prunes removed entries without deleting user-owned state[32m 57[2mms[22m[39m
     [32m✓[39m prunes stale segments when no imported content references them anymore[32m 61[2mms[22m[39m
     [32m✓[39m supports incremental media-scoped imports without archiving out-of-scope media[32m 65[2mms[22m[39m
     [32m✓[39m supports scoped imports when the target media reuses term and grammar source ids from another media[32m 77[2mms[22m[39m
     [32m✓[39m fails cleanly on invalid content without partially mutating imported tables[32m 51[2mms[22m[39m
 [32m✓[39m tests/review.test.ts [2m([22m[2m40 tests[22m[2m)[22m[33m 2353[2mms[22m[39m
 [32m✓[39m tests/glossary.test.ts [2m([22m[2m38 tests[22m[2m)[22m[33m 2300[2mms[22m[39m

[31m⎯⎯⎯⎯⎯⎯⎯[39m[1m[41m Failed Tests 2 [49m[22m[31m⎯⎯⎯⎯⎯⎯⎯[39m

[41m[1m FAIL [22m[49m tests/content.test.ts[2m > [22mcontent parser and validator[2m > [22mparses the real Duel Masters bundle
[31m[1mAssertionError[22m: expected [ { kind: 'lesson', …(6) }, …(24) ] to have a length of 20 but got 25[39m

[32m- Expected[39m
[31m+ Received[39m

[32m- 20[39m
[31m+ 25[39m

[36m [2m❯[22m tests/content.test.ts:[2m653:33[22m[39m
    [90m651| [39m    expect(result.data.media?.frontmatter.id).toBe("media-duel-masters…
    [90m652| [39m    [34mexpect[39m(result[33m.[39mdata[33m.[39mmedia[33m?.[39mfrontmatter[33m.[39mtitle)[33m.[39m[34mtoBe[39m([32m"Duel Masters"[39m)[33m;[39m
    [90m653| [39m    [34mexpect[39m(result[33m.[39mdata[33m.[39mlessons)[33m.[39m[34mtoHaveLength[39m([34m20[39m)[33m;[39m
    [90m   | [39m                                [31m^[39m
    [90m654| [39m    [34mexpect[39m(result[33m.[39mdata[33m.[39mcardFiles)[33m.[39m[34mtoHaveLength[39m([34m14[39m)[33m;[39m
    [90m655| [39m    [34mexpect[39m(result[33m.[39mdata[33m.[39mterms)[33m.[39m[34mtoHaveLength[39m([34m182[39m)[33m;[39m

[31m[2m⎯⎯⎯⎯⎯⎯⎯⎯⎯⎯⎯⎯⎯⎯⎯⎯⎯⎯⎯⎯⎯⎯⎯⎯[1/2]⎯[22m[39m

[41m[1m FAIL [22m[49m tests/importer.test.ts[2m > [22mcontent importer[2m > [22mimports the real Duel Masters bundle
[31m[1mError[22m[39m: Failed query: insert into "term_alias" ("id", "term_id", "alias_text", "alias_norm", "alias_type") values (?, ?, ?, ?, ?), (?, ?, ?, ?, ?), (?, ?, ?, ?, ?), (?, ?, ?, ?, ?), (?, ?, ?, ?, ?), (?, ?, ?, ?, ?), (?, ?, ?, ?, ?), (?, ?, ?, ?, ?), (?, ?, ?, ?, ?), (?, ?, ?, ?, ?), (?, ?, ?, ?, ?), (?, ?, ?, ?, ?), (?, ?, ?, ?, ?), (?, ?, ?, ?, ?), (?, ?, ?, ?, ?), (?, ?, ?, ?, ?), (?, ?, ?, ?, ?), (?, ?, ?, ?, ?), (?, ?, ?, ?, ?), (?, ?, ?, ?, ?), (?, ?, ?, ?, ?), (?, ?, ?, ?, ?), (?, ?, ?, ?, ?), (?, ?, ?, ?, ?), (?, ?, ?, ?, ?), (?, ?, ?, ?, ?), (?, ?, ?, ?, ?), (?, ?, ?, ?, ?), (?, ?, ?, ?, ?), (?, ?, ?, ?, ?), (?, ?, ?, ?, ?), (?, ?, ?, ?, ?), (?, ?, ?, ?, ?), (?, ?, ?, ?, ?), (?, ?, ?, ?, ?), (?, ?, ?, ?, ?), (?, ?, ?, ?, ?), (?, ?, ?, ?, ?), (?, ?, ?, ?, ?), (?, ?, ?, ?, ?), (?, ?, ?, ?, ?), (?, ?, ?, ?, ?), (?, ?, ?, ?, ?), (?, ?, ?, ?, ?), (?, ?, ?, ?, ?), (?, ?, ?, ?, ?), (?, ?, ?, ?, ?), (?, ?, ?, ?, ?), (?, ?, ?, ?, ?), (?, ?, ?, ?, ?), (?, ?, ?, ?, ?), (?, ?, ?, ?, ?), (?, ?, ?, ?, ?), (?, ?, ?, ?, ?), (?, ?, ?, ?, ?), (?, ?, ?, ?, ?), (?, ?, ?, ?, ?), (?, ?, ?, ?, ?), (?, ?, ?, ?, ?), (?, ?, ?, ?, ?), (?, ?, ?, ?, ?), (?, ?, ?, ?, ?), (?, ?, ?, ?, ?), (?, ?, ?, ?, ?), (?, ?, ?, ?, ?), (?, ?, ?, ?, ?), (?, ?, ?, ?, ?), (?, ?, ?, ?, ?), (?, ?, ?, ?, ?), (?, ?, ?, ?, ?), (?, ?, ?, ?, ?), (?, ?, ?, ?, ?), (?, ?, ?, ?, ?), (?, ?, ?, ?, ?), (?, ?, ?, ?, ?), (?, ?, ?, ?, ?), (?, ?, ?, ?, ?), (?, ?, ?, ?, ?), (?, ?, ?, ?, ?), (?, ?, ?, ?, ?), (?, ?, ?, ?, ?), (?, ?, ?, ?, ?), (?, ?, ?, ?, ?), (?, ?, ?, ?, ?), (?, ?, ?, ?, ?), (?, ?, ?, ?, ?), (?, ?, ?, ?, ?), (?, ?, ?, ?, ?), (?, ?, ?, ?, ?), (?, ?, ?, ?, ?), (?, ?, ?, ?, ?), (?, ?, ?, ?, ?), (?, ?, ?, ?, ?), (?, ?, ?, ?, ?), (?, ?, ?, ?, ?), (?, ?, ?, ?, ?), (?, ?, ?, ?, ?), (?, ?, ?, ?, ?), (?, ?, ?, ?, ?), (?, ?, ?, ?, ?), (?, ?, ?, ?, ?), (?, ?, ?, ?, ?), (?, ?, ?, ?, ?), (?, ?, ?, ?, ?), (?, ?, ?, ?, ?), (?, ?, ?, ?, ?), (?, ?, ?, ?, ?), (?, ?, ?, ?, ?), (?, ?, ?, ?, ?), (?, ?, ?, ?, ?), (?, ?, ?, ?, ?), (?, ?, ?, ?, ?), (?, ?, ?, ?, ?), (?, ?, ?, ?, ?), (?, ?, ?, ?, ?), (?, ?, ?, ?, ?), (?, ?, ?, ?, ?), (?, ?, ?, ?, ?), (?, ?, ?, ?, ?), (?, ?, ?, ?, ?), (?, ?, ?, ?, ?), (?, ?, ?, ?, ?), (?, ?, ?, ?, ?), (?, ?, ?, ?, ?), (?, ?, ?, ?, ?), (?, ?, ?, ?, ?), (?, ?, ?, ?, ?), (?, ?, ?, ?, ?), (?, ?, ?, ?, ?), (?, ?, ?, ?, ?), (?, ?, ?, ?, ?), (?, ?, ?, ?, ?), (?, ?, ?, ?, ?), (?, ?, ?, ?, ?), (?, ?, ?, ?, ?), (?, ?, ?, ?, ?), (?, ?, ?, ?, ?), (?, ?, ?, ?, ?), (?, ?, ?, ?, ?), (?, ?, ?, ?, ?), (?, ?, ?, ?, ?), (?, ?, ?, ?, ?), (?, ?, ?, ?, ?), (?, ?, ?, ?, ?), (?, ?, ?, ?, ?), (?, ?, ?, ?, ?), (?, ?, ?, ?, ?), (?, ?, ?, ?, ?), (?, ?, ?, ?, ?), (?, ?, ?, ?, ?), (?, ?, ?, ?, ?), (?, ?, ?, ?, ?), (?, ?, ?, ?, ?), (?, ?, ?, ?, ?), (?, ?, ?, ?, ?), (?, ?, ?, ?, ?), (?, ?, ?, ?, ?), (?, ?, ?, ?, ?), (?, ?, ?, ?, ?), (?, ?, ?, ?, ?), (?, ?, ?, ?, ?), (?, ?, ?, ?, ?), (?, ?, ?, ?, ?), (?, ?, ?, ?, ?), (?, ?, ?, ?, ?), (?, ?, ?, ?, ?), (?, ?, ?, ?, ?), (?, ?, ?, ?, ?), (?, ?, ?, ?, ?), (?, ?, ?, ?, ?), (?, ?, ?, ?, ?), (?, ?, ?, ?, ?), (?, ?, ?, ?, ?), (?, ?, ?, ?, ?), (?, ?, ?, ?, ?), (?, ?, ?, ?, ?), (?, ?, ?, ?, ?), (?, ?, ?, ?, ?), (?, ?, ?, ?, ?), (?, ?, ?, ?, ?), (?, ?, ?, ?, ?), (?, ?, ?, ?, ?), (?, ?, ?, ?, ?), (?, ?, ?, ?, ?), (?, ?, ?, ?, ?), (?, ?, ?, ?, ?), (?, ?, ?, ?, ?), (?, ?, ?, ?, ?), (?, ?, ?, ?, ?), (?, ?, ?, ?, ?), (?, ?, ?, ?, ?), (?, ?, ?, ?, ?), (?, ?, ?, ?, ?), (?, ?, ?, ?, ?), (?, ?, ?, ?, ?), (?, ?, ?, ?, ?), (?, ?, ?, ?, ?), (?, ?, ?, ?, ?), (?, ?, ?, ?, ?), (?, ?, ?, ?, ?), (?, ?, ?, ?, ?), (?, ?, ?, ?, ?), (?, ?, ?, ?, ?), (?, ?, ?, ?, ?), (?, ?, ?, ?, ?), (?, ?, ?, ?, ?), (?, ?, ?, ?, ?), (?, ?, ?, ?, ?), (?, ?, ?, ?, ?), (?, ?, ?, ?, ?), (?, ?, ?, ?, ?), (?, ?, ?, ?, ?), (?, ?, ?, ?, ?), (?, ?, ?, ?, ?), (?, ?, ?, ?, ?), (?, ?, ?, ?, ?), (?, ?, ?, ?, ?), (?, ?, ?, ?, ?), (?, ?, ?, ?, ?), (?, ?, ?, ?, ?), (?, ?, ?, ?, ?), (?, ?, ?, ?, ?), (?, ?, ?, ?, ?), (?, ?, ?, ?, ?), (?, ?, ?, ?, ?), (?, ?, ?, ?, ?), (?, ?, ?, ?, ?), (?, ?, ?, ?, ?), (?, ?, ?, ?, ?), (?, ?, ?, ?, ?), (?, ?, ?, ?, ?), (?, ?, ?, ?, ?), (?, ?, ?, ?, ?), (?, ?, ?, ?, ?), (?, ?, ?, ?, ?), (?, ?, ?, ?, ?), (?, ?, ?, ?, ?), (?, ?, ?, ?, ?), (?, ?, ?, ?, ?), (?, ?, ?, ?, ?), (?, ?, ?, ?, ?), (?, ?, ?, ?, ?), (?, ?, ?, ?, ?), (?, ?, ?, ?, ?), (?, ?, ?, ?, ?), (?, ?, ?, ?, ?), (?, ?, ?, ?, ?), (?, ?, ?, ?, ?), (?, ?, ?, ?, ?), (?, ?, ?, ?, ?), (?, ?, ?, ?, ?), (?, ?, ?, ?, ?), (?, ?, ?, ?, ?), (?, ?, ?, ?, ?), (?, ?, ?, ?, ?), (?, ?, ?, ?, ?), (?, ?, ?, ?, ?), (?, ?, ?, ?, ?), (?, ?, ?, ?, ?), (?, ?, ?, ?, ?), (?, ?, ?, ?, ?), (?, ?, ?, ?, ?), (?, ?, ?, ?, ?), (?, ?, ?, ?, ?), (?, ?, ?, ?, ?), (?, ?, ?, ?, ?), (?, ?, ?, ?, ?), (?, ?, ?, ?, ?), (?, ?, ?, ?, ?), (?, ?, ?, ?, ?), (?, ?, ?, ?, ?), (?, ?, ?, ?, ?), (?, ?, ?, ?, ?), (?, ?, ?, ?, ?), (?, ?, ?, ?, ?), (?, ?, ?, ?, ?), (?, ?, ?, ?, ?), (?, ?, ?, ?, ?), (?, ?, ?, ?, ?), (?, ?, ?, ?, ?), (?, ?, ?, ?, ?), (?, ?, ?, ?, ?), (?, ?, ?, ?, ?), (?, ?, ?, ?, ?), (?, ?, ?, ?, ?), (?, ?, ?, ?, ?), (?, ?, ?, ?, ?), (?, ?, ?, ?, ?), (?, ?, ?, ?, ?), (?, ?, ?, ?, ?), (?, ?, ?, ?, ?), (?, ?, ?, ?, ?), (?, ?, ?, ?, ?), (?, ?, ?, ?, ?), (?, ?, ?, ?, ?), (?, ?, ?, ?, ?), (?, ?, ?, ?, ?), (?, ?, ?, ?, ?), (?, ?, ?, ?, ?), (?, ?, ?, ?, ?), (?, ?, ?, ?, ?), (?, ?, ?, ?, ?), (?, ?, ?, ?, ?), (?, ?, ?, ?, ?), (?, ?, ?, ?, ?), (?, ?, ?, ?, ?), (?, ?, ?, ?, ?), (?, ?, ?, ?, ?), (?, ?, ?, ?, ?), (?, ?, ?, ?, ?), (?, ?, ?, ?, ?), (?, ?, ?, ?, ?), (?, ?, ?, ?, ?), (?, ?, ?, ?, ?), (?, ?, ?, ?, ?), (?, ?, ?, ?, ?), (?, ?, ?, ?, ?), (?, ?, ?, ?, ?), (?, ?, ?, ?, ?), (?, ?, ?, ?, ?), (?, ?, ?, ?, ?), (?, ?, ?, ?, ?), (?, ?, ?, ?, ?), (?, ?, ?, ?, ?), (?, ?, ?, ?, ?), (?, ?, ?, ?, ?), (?, ?, ?, ?, ?), (?, ?, ?, ?, ?), (?, ?, ?, ?, ?), (?, ?, ?, ?, ?), (?, ?, ?, ?, ?), (?, ?, ?, ?, ?), (?, ?, ?, ?, ?), (?, ?, ?, ?, ?), (?, ?, ?, ?, ?), (?, ?, ?, ?, ?), (?, ?, ?, ?, ?), (?, ?, ?, ?, ?), (?, ?, ?, ?, ?), (?, ?, ?, ?, ?), (?, ?, ?, ?, ?), (?, ?, ?, ?, ?), (?, ?, ?, ?, ?), (?, ?, ?, ?, ?), (?, ?, ?, ?, ?), (?, ?, ?, ?, ?), (?, ?, ?, ?, ?), (?, ?, ?, ?, ?), (?, ?, ?, ?, ?), (?, ?, ?, ?, ?), (?, ?, ?, ?, ?), (?, ?, ?, ?, ?), (?, ?, ?, ?, ?), (?, ?, ?, ?, ?), (?, ?, ?, ?, ?), (?, ?, ?, ?, ?), (?, ?, ?, ?, ?), (?, ?, ?, ?, ?), (?, ?, ?, ?, ?), (?, ?, ?, ?, ?), (?, ?, ?, ?, ?), (?, ?, ?, ?, ?), (?, ?, ?, ?, ?), (?, ?, ?, ?, ?), (?, ?, ?, ?, ?), (?, ?, ?, ?, ?), (?, ?, ?, ?, ?), (?, ?, ?, ?, ?), (?, ?, ?, ?, ?), (?, ?, ?, ?, ?), (?, ?, ?, ?, ?), (?, ?, ?, ?, ?), (?, ?, ?, ?, ?), (?, ?, ?, ?, ?), (?, ?, ?, ?, ?), (?, ?, ?, ?, ?), (?, ?, ?, ?, ?), (?, ?, ?, ?, ?), (?, ?, ?, ?, ?), (?, ?, ?, ?, ?), (?, ?, ?, ?, ?), (?, ?, ?, ?, ?), (?, ?, ?, ?, ?), (?, ?, ?, ?, ?), (?, ?, ?, ?, ?), (?, ?, ?, ?, ?), (?, ?, ?, ?, ?), (?, ?, ?, ?, ?), (?, ?, ?, ?, ?), (?, ?, ?, ?, ?), (?, ?, ?, ?, ?), (?, ?, ?, ?, ?), (?, ?, ?, ?, ?), (?, ?, ?, ?, ?), (?, ?, ?, ?, ?), (?, ?, ?, ?, ?), (?, ?, ?, ?, ?), (?, ?, ?, ?, ?), (?, ?, ?, ?, ?), (?, ?, ?, ?, ?), (?, ?, ?, ?, ?), (?, ?, ?, ?, ?), (?, ?, ?, ?, ?), (?, ?, ?, ?, ?), (?, ?, ?, ?, ?), (?, ?, ?, ?, ?), (?, ?, ?, ?, ?), (?, ?, ?, ?, ?), (?, ?, ?, ?, ?), (?, ?, ?, ?, ?), (?, ?, ?, ?, ?), (?, ?, ?, ?, ?), (?, ?, ?, ?, ?), (?, ?, ?, ?, ?), (?, ?, ?, ?, ?), (?, ?, ?, ?, ?), (?, ?, ?, ?, ?), (?, ?, ?, ?, ?), (?, ?, ?, ?, ?), (?, ?, ?, ?, ?), (?, ?, ?, ?, ?), (?, ?, ?, ?, ?), (?, ?, ?, ?, ?), (?, ?, ?, ?, ?), (?, ?, ?, ?, ?), (?, ?, ?, ?, ?), (?, ?, ?, ?, ?), (?, ?, ?, ?, ?), (?, ?, ?, ?, ?), (?, ?, ?, ?, ?), (?, ?, ?, ?, ?), (?, ?, ?, ?, ?), (?, ?, ?, ?, ?), (?, ?, ?, ?, ?), (?, ?, ?, ?, ?), (?, ?, ?, ?, ?), (?, ?, ?, ?, ?), (?, ?, ?, ?, ?), (?, ?, ?, ?, ?), (?, ?, ?, ?, ?), (?, ?, ?, ?, ?), (?, ?, ?, ?, ?), (?, ?, ?, ?, ?), (?, ?, ?, ?, ?), (?, ?, ?, ?, ?), (?, ?, ?, ?, ?), (?, ?, ?, ?, ?), (?, ?, ?, ?, ?), (?, ?, ?, ?, ?), (?, ?, ?, ?, ?), (?, ?, ?, ?, ?), (?, ?, ?, ?, ?), (?, ?, ?, ?, ?), (?, ?, ?, ?, ?), (?, ?, ?, ?, ?), (?, ?, ?, ?, ?), (?, ?, ?, ?, ?), (?, ?, ?, ?, ?), (?, ?, ?, ?, ?), (?, ?, ?, ?, ?), (?, ?, ?, ?, ?), (?, ?, ?, ?, ?), (?, ?, ?, ?, ?), (?, ?, ?, ?, ?), (?, ?, ?, ?, ?), (?, ?, ?, ?, ?), (?, ?, ?, ?, ?), (?, ?, ?, ?, ?), (?, ?, ?, ?, ?), (?, ?, ?, ?, ?), (?, ?, ?, ?, ?), (?, ?, ?, ?, ?), (?, ?, ?, ?, ?), (?, ?, ?, ?, ?), (?, ?, ?, ?, ?), (?, ?, ?, ?, ?), (?, ?, ?, ?, ?), (?, ?, ?, ?, ?), (?, ?, ?, ?, ?), (?, ?, ?, ?, ?), (?, ?, ?, ?, ?), (?, ?, ?, ?, ?), (?, ?, ?, ?, ?), (?, ?, ?, ?, ?), (?, ?, ?, ?, ?), (?, ?, ?, ?, ?), (?, ?, ?, ?, ?), (?, ?, ?, ?, ?)
params: term_alias_729cc2b12378266d5afd,term_23_media-duel-masters-dm25_13_term-creature,クリーチャー,クリーチャー,alt,term_alias_fa850403918aa4d65aa9,term_23_media-duel-masters-dm25_13_term-creature,kuriichaa,kuriichaa,romaji,term_alias_d2e5ac384b52eb8c79dd,term_23_media-duel-masters-dm25_10_term-spell,呪文,呪文,alt,term_alias_a1c11a5b9fc71efd9685,term_23_media-duel-masters-dm25_10_term-spell,じゅもん,じゅもん,reading,term_alias_92f891d10be0429c6a79,term_23_media-duel-masters-dm25_10_term-spell,jumon,jumon,romaji,term_alias_10cfcf8cff93ba2191ce,term_23_media-duel-masters-dm25_13_term-tamaseed,タマシード,タマシード,alt,term_alias_6af67df63cd79a320ff9,term_23_media-duel-masters-dm25_13_term-tamaseed,tamashiido,tamashiido,romaji,term_alias_be847f000ece46718dbb,term_23_media-duel-masters-dm25_12_term-blocker,ブロッカー,ブロッカー,alt,term_alias_dc102ce98148b6694ae0,term_23_media-duel-masters-dm25_12_term-blocker,burokkaa,burokkaa,romaji,term_alias_d0c1ed367b2939de6bb8,term_23_media-duel-masters-dm25_14_term-evolution,進化,進化,alt,term_alias_6a37d48a41fa28fad32f,term_23_media-duel-masters-dm25_14_term-evolution,しんか,しんか,reading,term_alias_32ab2555715a339f4a39,term_23_media-duel-masters-dm25_14_term-evolution,shinka,shinka,romaji,term_alias_642687390ed5957c28f6,term_23_media-duel-masters-dm25_13_term-invasion,侵略,侵略,alt,term_alias_99f856aa3bdbfd2283dc,term_23_media-duel-masters-dm25_13_term-invasion,しんりゃく,しんりゃく,reading,term_alias_a046a4705ca4409222a6,term_23_media-duel-masters-dm25_13_term-invasion,shinryaku,shinryaku,romaji,term_alias_c5aa7060521b387f2f0f,term_23_media-duel-masters-dm25_15_term-shinkarize,シンカライズ,シンカライズ,alt,term_alias_8a27e0a796e7aa3b52ac,term_23_media-duel-masters-dm25_15_term-shinkarize,shinkaraizu,shinkaraizu,romaji,term_alias_efe116be691b5aa3c552,term_23_media-duel-masters-dm25_10_term-abyss,アビス,アビス,alt,term_alias_062cb2caf15ff89e1579,term_23_media-duel-masters-dm25_10_term-abyss,abisu,abisu,romaji,term_alias_e34ac402a82f538e0d89,term_23_media-duel-masters-dm25_12_term-command,コマンド,コマンド,alt,term_alias_95f11cc48e8b5714b1cd,term_23_media-duel-masters-dm25_12_term-command,komando,komando,romaji,term_alias_8ee1feac1c19ac4b3117,term_23_media-duel-masters-dm25_17_term-civilization,文明,文明,alt,term_alias_aa27ca0d1a3c5d6ba2ff,term_23_media-duel-masters-dm25_17_term-civilization,ぶんめい,ぶんめい,reading,term_alias_a307de6866acb339a3f2,term_23_media-duel-masters-dm25_17_term-civilization,bunmei,bunmei,romaji,term_alias_e09f0c26ed22f7b54885,term_23_media-duel-masters-dm25_9_term-cost,コスト,コスト,alt,term_alias_65f02c37e58ae7512df6,term_23_media-duel-masters-dm25_9_term-cost,kosuto,kosuto,romaji,term_alias_14164a43ae6235b24320,term_23_media-duel-masters-dm25_10_term-harau,払う,払う,alt,term_alias_ed88b197b27c75d932c4,term_23_media-duel-masters-dm25_10_term-harau,はらう,はらう,reading,term_alias_7f5381e9be4180268798,term_23_media-duel-masters-dm25_10_term-harau,harau,harau,romaji,term_alias_e7b908a6a22eba5923fb,term_23_media-duel-masters-dm25_10_term-power,パワー,パワー,alt,term_alias_87f534a3f0e5ccbb59a1,term_23_media-duel-masters-dm25_10_term-power,pawaa,pawaa,romaji,term_alias_d9b43545e37c90dc6bc3,term_23_media-duel-masters-dm25_11_term-goukei,合計,合計,alt,term_alias_b90c6f213e1a9775fafa,term_23_media-duel-masters-dm25_11_term-goukei,ごうけい,ごうけい,reading,term_alias_b4e637171c4cbee460fa,term_23_media-duel-masters-dm25_11_term-goukei,goukei,goukei,romaji,term_alias_0fd3e6dd9bbecb9b2b8b,term_23_media-duel-masters-dm25_9_term-race,種族,種族,alt,term_alias_64470098c6730021d2ab,term_23_media-duel-masters-dm25_9_term-race,しゅぞく,しゅぞく,reading,term_alias_198253041239e1e157ec,term_23_media-duel-masters-dm25_9_term-race,shuzoku,shuzoku,romaji,term_alias_de86a333742ab0cb5ab5,term_23_media-duel-masters-dm25_16_term-battle-zone,バトルゾーン,バトルゾーン,alt,term_alias_4c74a65cfa492351d3d3,term_23_media-duel-masters-dm25_16_term-battle-zone,batoruzoon,batoruzoon,romaji,term_alias_c0a9e5e03e356e5b84f4,term_23_media-duel-masters-dm25_14_term-mana-zone,マナゾーン,マナゾーン,alt,term_alias_538e464f5ddc99562a6e,term_23_media-duel-masters-dm25_14_term-mana-zone,manazoon,manazoon,romaji,term_alias_41370614a62644a39073,term_23_media-duel-masters-dm25_16_term-shield-zone,シールドゾーン,シールドゾーン,alt,term_alias_250b8f93fc81bb7fbc66,term_23_media-duel-masters-dm25_16_term-shield-zone,shiirudozoon,shiirudozoon,romaji,term_alias_8538c8f0ad7fb6d59849,term_23_media-duel-masters-dm25_9_term-deck,山札,山札,alt,term_alias_5ab47a0f21b36742658f,term_23_media-duel-masters-dm25_9_term-deck,やまふだ,やまふだ,reading,term_alias_313746a8fcdac370594e,term_23_media-duel-masters-dm25_9_term-deck,yamafuda,yamafuda,romaji,term_alias_5f7fa61549bfc5295596,term_23_media-duel-masters-dm25_9_term-hand,手札,手札,alt,term_alias_29c31bf336d20af34bac,term_23_media-duel-masters-dm25_9_term-hand,てふだ,てふだ,reading,term_alias_70e161b47f393f900eec,term_23_media-duel-masters-dm25_9_term-hand,tefuda,tefuda,romaji,term_alias_63fac42f1c083b6448f1,term_23_media-duel-masters-dm25_14_term-graveyard,墓地,墓地,alt,term_alias_a43f6bac12fa89ca0bbe,term_23_media-duel-masters-dm25_14_term-graveyard,ぼち,ぼち,reading,term_alias_f507a79a6eefee8c772a,term_23_media-duel-masters-dm25_14_term-graveyard,bochi,bochi,romaji,term_alias_71f6cd76d5e214ebd21f,term_23_media-duel-masters-dm25_9_term-self,自分,自分,alt,term_alias_ac432e5fbde2c94b0190,term_23_media-duel-masters-dm25_9_term-self,じぶん,じぶん,reading,term_alias_e38154644789ab6e0801,term_23_media-duel-masters-dm25_9_term-self,jibun,jibun,romaji,term_alias_018dd16d1bb0a828d99c,term_23_media-duel-masters-dm25_13_term-opponent,相手,相手,alt,term_alias_9195e2df2da5c0bac1b5,term_23_media-duel-masters-dm25_13_term-opponent,あいて,あいて,reading,term_alias_3a77c7983c9915943968,term_23_media-duel-masters-dm25_13_term-opponent,aite,aite,romaji,term_alias_a33ecf55853ccf96db9a,term_23_media-duel-masters-dm25_11_term-effect,効果,効果,alt,term_alias_5a6b6f02ffb8700d4ccf,term_23_media-duel-masters-dm25_11_term-effect,こうか,こうか,reading,term_alias_61b944176a17802131d7,term_23_media-duel-masters-dm25_11_term-effect,kouka,kouka,romaji,term_alias_ba0f1d4dace97e4d07f4,term_23_media-duel-masters-dm25_11_term-summon,召喚,召喚,alt,term_alias_3f17e8a341b46c20aba7,term_23_media-duel-masters-dm25_11_term-summon,しょうかん,しょうかん,reading,term_alias_b19c0b2c142e17b36c79,term_23_media-duel-masters-dm25_11_term-summon,shoukan,shoukan,romaji,term_alias_36341801a8c49e300499,term_23_media-duel-masters-dm25_11_term-attack,攻撃,攻撃,alt,term_alias_f57beb3d96ab447e1648,term_23_media-duel-masters-dm25_11_term-attack,こうげき,こうげき,reading,term_alias_0b8c60eb0535db3973f6,term_23_media-duel-masters-dm25_11_term-attack,kougeki,kougeki,romaji,term_alias_c76db87591cea9216941,term_23_media-duel-masters-dm25_12_term-destroy,破壊,破壊,alt,term_alias_03e21376b4e288358b12,term_23_media-duel-masters-dm25_12_term-destroy,はかい,はかい,reading,term_alias_0ed22e97dc56e1dbf660,term_23_media-duel-masters-dm25_12_term-destroy,hakai,hakai,romaji,term_alias_aeb5c58072c46696b1de,term_23_media-duel-masters-dm25_10_term-break,ブレイク,ブレイク,alt,term_alias_07cd2aec43a9587bc007,term_23_media-duel-masters-dm25_10_term-break,ぶれいく,ぶれいく,reading,term_alias_a2bedd352a06aefb3a1a,term_23_media-duel-masters-dm25_10_term-break,bureiku,bureiku,romaji,term_alias_4bcff95c8a737d43cc1b,term_23_media-duel-masters-dm25_8_term-tap,タップ,タップ,alt,term_alias_c032db618cc44678f622,term_23_media-duel-masters-dm25_8_term-tap,tappu,tappu,romaji,term_alias_731219a92990d155b028,term_23_media-duel-masters-dm25_10_term-untap,アンタップ,アンタップ,alt,term_alias_e62810d310eefaf929e9,term_23_media-duel-masters-dm25_10_term-untap,antappu,antappu,romaji,term_alias_ab8ce688433df585dd2b,term_23_media-duel-masters-dm25_13_term-kasaneru,重ねる,重ねる,alt,term_alias_c75f7be7f4295d06c70c,term_23_media-duel-masters-dm25_13_term-kasaneru,かさねる,かさねる,reading,term_alias_58911a06f7d17d9e63e7,term_23_media-duel-masters-dm25_13_term-kasaneru,kasaneru,kasaneru,romaji,term_alias_92776fa0e1991cd0808c,term_23_media-duel-masters-dm25_9_term-deru,出る,出る,alt,term_alias_34d9923bd49d4e7d0f37,term_23_media-duel-masters-dm25_9_term-deru,でる,でる,reading,term_alias_ee89858fb36a633ba099,term_23_media-duel-masters-dm25_9_term-deru,deru,deru,romaji,term_alias_f69eb9699ee879a49e2a,term_23_media-duel-masters-dm25_9_term-dasu,出す,出す,alt,term_alias_364ddff64843237d6573,term_23_media-duel-masters-dm25_9_term-dasu,だす,だす,reading,term_alias_a06c6bc408d937ea4991,term_23_media-duel-masters-dm25_9_term-dasu,dasu,dasu,romaji,term_alias_79e55abf1e52ef2b5be1,term_23_media-duel-masters-dm25_8_term-oku,置く,置く,alt,term_alias_3dd9a25532abb1c45c20,term_23_media-duel-masters-dm25_8_term-oku,おく,おく,reading,term_alias_d6c4b98d7423d0d2f65b,term_23_media-duel-masters-dm25_8_term-oku,oku,oku,romaji,term_alias_5f87147d0b096187fc42,term_23_media-duel-masters-dm25_8_term-add,加える,加える,alt,term_alias_9f8957ab9cafad31469d,term_23_media-duel-masters-dm25_8_term-add,くわえる,くわえる,reading,term_alias_89d88172f18d5e772531,term_23_media-duel-masters-dm25_8_term-add,kuwaeru,kuwaeru,romaji,term_alias_81fbcda787ea1323b4f8,term_23_media-duel-masters-dm25_10_term-erabu,選ぶ,選ぶ,alt,term_alias_516939a3065fea9ea211,term_23_media-duel-masters-dm25_10_term-erabu,えらぶ,えらぶ,reading,term_alias_c045d6b8a624ff36324a,term_23_media-duel-masters-dm25_10_term-erabu,erabu,erabu,romaji,term_alias_33fcd8d000a2f81d9a4f,term_23_media-duel-masters-dm25_9_term-hiku,引く,引く,alt,term_alias_8e726bb0d814f0224d6b,term_23_media-duel-masters-dm25_9_term-hiku,ひく,ひく,reading,term_alias_f0347f617b8bdac904f4,term_23_media-duel-masters-dm25_9_term-hiku,hiku,hiku,romaji,term_alias_cd8dc6d01a64171c75cb,term_23_media-duel-masters-dm25_11_term-suteru,捨てる,捨てる,alt,term_alias_019032bd75b6ca3ad7c1,term_23_media-duel-masters-dm25_11_term-suteru,すてる,すてる,reading,term_alias_0642b520b0865a3ecd3c,term_23_media-duel-masters-dm25_11_term-suteru,suteru,suteru,romaji,term_alias_e506573e34930fee56a5,term_23_media-duel-masters-dm25_11_term-modosu,戻す,戻す,alt,term_alias_4ca50dd951f8b6217cfb,term_23_media-duel-masters-dm25_11_term-modosu,もどす,もどす,reading,term_alias_1c806b7160acfe2f3bb4,term_23_media-duel-masters-dm25_11_term-modosu,modosu,modosu,romaji,term_alias_621120f86ce8479b43a1,term_23_media-duel-masters-dm25_13_term-hanareru,離れる,離れる,alt,term_alias_2e1b68cd53a9d6eb9e79,term_23_media-duel-masters-dm25_13_term-hanareru,はなれる,はなれる,reading,term_alias_12557ec4c231f562e570,term_23_media-duel-masters-dm25_13_term-hanareru,hanareru,hanareru,romaji,term_alias_702da1e207a5c9e5af78,term_23_media-duel-masters-dm25_11_term-nokoru,残る,残る,alt,term_alias_d312bbb0a756b597f030,term_23_media-duel-masters-dm25_11_term-nokoru,のこる,のこる,reading,term_alias_f80b442326c9f4a96fe2,term_23_media-duel-masters-dm25_11_term-nokoru,nokoru,nokoru,romaji,term_alias_5739faa2a0129f7df9b8,term_23_media-duel-masters-dm25_12_term-atsukau,扱う,扱う,alt,term_alias_8d3eef597cd99532945b,term_23_media-duel-masters-dm25_12_term-atsukau,あつかう,あつかう,reading,term_alias_9eb4c9e999894d4c23d6,term_23_media-duel-masters-dm25_12_term-atsukau,atsukau,atsukau,romaji,term_alias_6c7303bf6ce1da934a0d,term_23_media-duel-masters-dm25_14_term-s-trigger,S・トリガー,s・トリガー,alt,term_alias_420db60f7617db329440,term_23_media-duel-masters-dm25_14_term-s-trigger,Sトリガー,sトリガー,alt,term_alias_6a7e94560773a506c905,term_23_media-duel-masters-dm25_14_term-s-trigger,esutorigaa,esutorigaa,romaji,term_alias_011339af69d93435004b,term_23_media-duel-masters-dm25_14_term-w-breaker,W・ブレイカー,w・ブレイカー,alt,term_alias_4922de4c4759a5690e0b,term_23_media-duel-masters-dm25_14_term-w-breaker,Wブレイカー,wブレイカー,alt,term_alias_ff53b4917bc61ec5537e,term_23_media-duel-masters-dm25_14_term-w-breaker,daburubureikaa,daburubureikaa,romaji,term_alias_712f7efa77868379eb9d,term_23_media-duel-masters-dm25_14_term-t-breaker,T・ブレイカー,t・ブレイカー,alt,term_alias_c09bc7d81c7b903995da,term_23_media-duel-masters-dm25_14_term-t-breaker,Tブレイカー,tブレイカー,alt,term_alias_f57e5c08302b3ff226c3,term_23_media-duel-masters-dm25_14_term-t-breaker,toripurubureikaa,toripurubureikaa,romaji,term_alias_0825587cb4aa93f4cdbe,term_23_media-duel-masters-dm25_23_term-evolution-creature,進化クリーチャー,進化クリーチャー,alt,term_alias_d98f7b2cdbe44beb25ff,term_23_media-duel-masters-dm25_23_term-evolution-creature,しんかくりーちゃー,しんかくりーちゃー,reading,term_alias_f4164ccdb159698f5ddc,term_23_media-duel-masters-dm25_23_term-evolution-creature,shinka kuriichaa,shinka kuriichaa,romaji,term_alias_ad989569a50f699a92d9,term_23_media-duel-masters-dm25_28_term-star-evolution-creature,スター進化クリーチャー,スター進化クリーチャー,alt,term_alias_7f42ebe4c8afa98d5593,term_23_media-duel-masters-dm25_28_term-star-evolution-creature,すたーしんかくりーちゃー,すたーしんかくりーちゃー,reading,term_alias_1673344255b1fa105db9,term_23_media-duel-masters-dm25_28_term-star-evolution-creature,sutaa shinka kuriichaa,sutaa shinka kuriichaa,romaji,term_alias_11f9bf1b65b5decb7ac3,term_23_media-duel-masters-dm25_17_term-neo-creature,NEOクリーチャー,neoクリーチャー,alt,term_alias_b07efe6f25d071979445,term_23_media-duel-masters-dm25_17_term-neo-creature,ねおくりーちゃー,ねおくりーちゃー,reading,term_alias_d803317005c9be5e6b5b,term_23_media-duel-masters-dm25_17_term-neo-creature,neo kuriichaa,neo kuriichaa,romaji,term_alias_a9fee9c1aa43d6c63dec,term_23_media-duel-masters-dm25_19_term-g-neo-creature,G-NEOクリーチャー,g-neoクリーチャー,alt,term_alias_9c2c559e9be08a662590,term_23_media-duel-masters-dm25_19_term-g-neo-creature,じーねおくりーちゃー,じーねおくりーちゃー,reading,term_alias_7883551e28436a30f866,term_23_media-duel-masters-dm25_19_term-g-neo-creature,jii neo kuriichaa,jii neo kuriichaa,romaji,term_alias_83613f9cfd60ce9c125f,term_23_media-duel-masters-dm25_22_term-tamaseed-creature,タマシード/クリーチャー,タマシード/クリーチャー,alt,term_alias_37318614e9153b84242a,term_23_media-duel-masters-dm25_22_term-tamaseed-creature,タマシードクリーチャー,タマシードクリーチャー,alt,term_alias_2f03793cf25c05646c81,term_23_media-duel-masters-dm25_22_term-tamaseed-creature,たましーどくりーちゃー,たましーどくりーちゃー,reading,term_alias_261aedc1c112d00f59d1,term_23_media-duel-masters-dm25_22_term-tamaseed-creature,tamashiido kuriichaa,tamashiido kuriichaa,romaji,term_alias_bd489407137759b4925f,term_23_media-duel-masters-dm25_18_term-twinpact-card,ツインパクトカード,ツインパクトカード,alt,term_alias_668c6e9228aae41f51b8,term_23_media-duel-masters-dm25_18_term-twinpact-card,ついんぱくとかーど,ついんぱくとかーど,reading,term_alias_b0344171a97690e27e4d,term_23_media-duel-masters-dm25_18_term-twinpact-card,tsuinpakuto kaado,tsuinpakuto kaado,romaji,term_alias_1736d7985b51f3d7c09e,term_23_media-duel-masters-dm25_21_term-psychic-creature,サイキック・クリーチャー,サイキック・クリーチャー,alt,term_alias_02f526fc4042e5216eb6,term_23_media-duel-masters-dm25_21_term-psychic-creature,さいきっくくりーちゃー,さいきっくくりーちゃー,reading,term_alias_a578b18ce21f5a0669ce,term_23_media-duel-masters-dm25_21_term-psychic-creature,saikikku kuriichaa,saikikku kuriichaa,romaji,term_alias_ea7235b4395dd201e3f6,term_23_media-duel-masters-dm25_14_term-dragheart,ドラグハート,ドラグハート,alt,term_alias_f6860a2bf0f1484090ae,term_23_media-duel-masters-dm25_14_term-dragheart,どらぐはーと,どらぐはーと,reading,term_alias_faca7217cde9472a9145,term_23_media-duel-masters-dm25_14_term-dragheart,doraguhaato,doraguhaato,romaji,term_alias_0a52795a8438562ca0a0,term_23_media-duel-masters-dm25_14_term-crossgear,クロスギア,クロスギア,alt,term_alias_659d610e3ed5b10e2d71,term_23_media-duel-masters-dm25_14_term-crossgear,くろすぎあ,くろすぎあ,reading,term_alias_dba81b87c0d95c706422,term_23_media-duel-masters-dm25_14_term-crossgear,kurosugia,kurosugia,romaji,term_alias_d4f55279c3941613a66e,term_23_media-duel-masters-dm25_11_term-castle,城,城,alt,term_alias_15faab81b013edee3a4b,term_23_media-duel-masters-dm25_11_term-castle,しろ,しろ,reading,term_alias_94d06009fe58f2e230a5,term_23_media-duel-masters-dm25_11_term-castle,shiro,shiro,romaji,term_alias_2a3bc49526bb2e1ae8ec,term_23_media-duel-masters-dm25_13_term-d2-field,D2フィールド,d2フィールド,alt,term_alias_1109627e2c6eea74baeb,term_23_media-duel-masters-dm25_13_term-d2-field,でぃーつーふぃーるど,でぃーつーふぃーるど,reading,term_alias_0e24d16c10356251e8f4,term_23_media-duel-masters-dm25_13_term-d2-field,dii tsuu fiirudo,dii tsuu fiirudo,romaji,term_alias_2d0dd50343415cf108ca,term_23_media-duel-masters-dm25_9_term-home,ホーム,ホーム,alt,term_alias_cc6bd5690e5364750d05,term_23_media-duel-masters-dm25_9_term-home,home,home,romaji,term_alias_5e1cab1fe266837cdf42,term_23_media-duel-masters-dm25_12_term-mission,ミッション,ミッション,alt,term_alias_994e032aad53b38e3569,term_23_media-duel-masters-dm25_12_term-mission,mission,mission,romaji,term_alias_9cc37d54cbe9fb004cf0,term_23_media-duel-masters-dm25_16_term-login-bonus,ログインボーナス,ログインボーナス,alt,term_alias_0b64494127f1db7883f8,term_23_media-duel-masters-dm25_16_term-login-bonus,login bonus,login bonus,romaji,term_alias_55434802f90b92158a8b,term_23_media-duel-masters-dm25_12_term-present,プレゼント,プレゼント,alt,term_alias_b05ec0c45984d835b6f3,term_23_media-duel-masters-dm25_12_term-present,present,present,romaji,term_alias_350f105bfc98fecff2e8,term_23_media-duel-masters-dm25_9_term-news,お知らせ,お知らせ,alt,term_alias_3e21d38e72e9f5007b98,term_23_media-duel-masters-dm25_9_term-news,oshirase,oshirase,romaji,term_alias_73645d406a52adff848e,term_23_media-duel-masters-dm25_9_term-shop,ショップ,ショップ,alt,term_alias_2c6005537ce90187197d,term_23_media-duel-masters-dm25_9_term-shop,shop,shop,romaji,term_alias_790b726742770c66bddb,term_23_media-duel-masters-dm25_13_term-settings,設定,設定,alt,term_alias_c84e41d1bfdd8fc54fe4,term_23_media-duel-masters-dm25_13_term-settings,settei,settei,romaji,term_alias_08afea011644086b8e8f,term_23_media-duel-masters-dm25_8_term-etc,その他,その他,alt,term_alias_6eacc5bc7145dd7cee7b,term_23_media-duel-masters-dm25_8_term-etc,sonota,sonota,romaji,term_alias_53e4819970584f6c815c,term_23_media-duel-masters-dm25_8_term-etc,etc.,etc.,alt,term_alias_b4221a849366236799ba,term_23_media-duel-masters-dm25_12_term-confirm,確認,確認,alt,term_alias_233f20c2c890263487b7,term_23_media-duel-masters-dm25_12_term-confirm,kakunin,kakunin,romaji,term_alias_fef378fd7e6e2a00a7ab,term_23_media-duel-masters-dm25_9_term-open,開く,開く,alt,term_alias_57322e1749b21e6c9ba8,term_23_media-duel-masters-dm25_9_term-open,ひらく,ひらく,reading,term_alias_4196546b8ae0cb2153ab,term_23_media-duel-masters-dm25_9_term-open,hiraku,hiraku,romaji,term_alias_b167bed22c33ae7014d2,term_23_media-duel-masters-dm25_14_term-selection,選択,選択,alt,term_alias_2e864c329ca015115684,term_23_media-duel-masters-dm25_14_term-selection,せんたく,せんたく,reading,term_alias_4fa56f7cacce66a60293,term_23_media-duel-masters-dm25_14_term-selection,sentaku,sentaku,romaji,term_alias_f71c6aba2aeef2fd7d48,term_23_media-duel-masters-dm25_9_term-save,保存,保存,alt,term_alias_4108597d835af7f09596,term_23_media-duel-masters-dm25_9_term-save,ほぞん,ほぞん,reading,term_alias_b8a9eb41db46e19a75f2,term_23_media-duel-masters-dm25_9_term-save,hozon,hozon,romaji,term_alias_39c2590a404238663c59,term_23_media-duel-masters-dm25_12_term-receive,受け取る,受け取る,alt,term_alias_f6dc34a17e6ab5e9e17f,term_23_media-duel-masters-dm25_12_term-receive,受取る,受取る,alt,term_alias_46f116ba963ff08c9db2,term_23_media-duel-masters-dm25_12_term-receive,uketoru,uketoru,romaji,term_alias_f55ef1c4d9e27438e967,term_23_media-duel-masters-dm25_11_term-reward,報酬,報酬,alt,term_alias_653bb09495e4fd08693d,term_23_media-duel-masters-dm25_11_term-reward,houshuu,houshuu,romaji,term_alias_57580f5c89be15c9175e,term_23_media-duel-masters-dm25_21_term-constructed-deck,デッキ,デッキ,alt,term_alias_dcb3c65f473f058bb5d7,term_23_media-duel-masters-dm25_21_term-constructed-deck,deck,deck,romaji,term_alias_1f7b1a76fdec3aa98704,term_23_media-duel-masters-dm25_11_term-hensei,編成,編成,alt,term_alias_3dd31802126ca45dd190,term_23_media-duel-masters-dm25_11_term-hensei,hensei,hensei,romaji,term_alias_eae5b1da2c9b6c9c7f8d,term_23_media-duel-masters-dm25_14_term-deck-edit,デッキ編成,デッキ編成,alt,term_alias_63e4f6d83c2f44bf15fc,term_23_media-duel-masters-dm25_14_term-deck-edit,dekki hensei,dekki hensei,romaji,term_alias_c9babe22ee53ccf73b04,term_23_media-duel-masters-dm25_16_term-rental-deck,レンタルデッキ,レンタルデッキ,alt,term_alias_8a766a96ead9583123b9,term_23_media-duel-masters-dm25_16_term-rental-deck,rental deck,rental deck,romaji,term_alias_0a169d05e077764d4c4e,term_23_media-duel-masters-dm25_13_term-purchase,購入,購入,alt,term_alias_ab90105e7d396af0fe22,term_23_media-duel-masters-dm25_13_term-purchase,こうにゅう,こうにゅう,reading,term_alias_19885ebb8e9c11ce0f55,term_23_media-duel-masters-dm25_13_term-purchase,kounyuu,kounyuu,romaji,term_alias_1894fdbe620b51f76b22,term_23_media-duel-masters-dm25_18_term-card-purchase,カード購入,カード購入,alt,term_alias_ad919663087e2637eb7e,term_23_media-duel-masters-dm25_18_term-card-purchase,kaado kounyuu,kaado kounyuu,romaji,term_alias_27f2dc2202b2d49583f4,term_23_media-duel-masters-dm25_13_term-exchange,交換,交換,alt,term_alias_436e6a3fa0d746be8e42,term_23_media-duel-masters-dm25_13_term-exchange,こうかん,こうかん,reading,term_alias_b720973fcd947032f3f6,term_23_media-duel-masters-dm25_13_term-exchange,koukan,koukan,romaji,term_alias_cf20c77f3a28a0488684,term_23_media-duel-masters-dm25_18_term-card-exchange,カード交換,カード交換,alt,term_alias_a98893c18d3b3e5b4996,term_23_media-duel-masters-dm25_18_term-card-exchange,kaado koukan,kaado koukan,romaji,term_alias_fc20860188bf2f517584,term_23_media-duel-masters-dm25_10_term-craft,生成,生成,alt,term_alias_adbc0225a177e208597e,term_23_media-duel-masters-dm25_10_term-craft,seisei,seisei,romaji,term_alias_a1d9f42fa971635252bb,term_23_media-duel-masters-dm25_15_term-disenchant,分解,分解,alt,term_alias_8a8691928dda20259801,term_23_media-duel-masters-dm25_15_term-disenchant,bunkai,bunkai,romaji,term_alias_f2ecfdfc73a3c0bfa46a,term_23_media-duel-masters-dm25_10_term-owned,所持,所持,alt,term_alias_eb36cc7dfe58eb3736e4,term_23_media-duel-masters-dm25_10_term-owned,shoji,shoji,romaji,term_alias_824f380bc38cf594f303,term_23_media-duel-masters-dm25_14_term-dm-points,DMポイント,dmポイント,alt,term_alias_f6494d75815e2761ce19,term_23_media-duel-masters-dm25_14_term-dm-points,DM point,dm point,romaji,term_alias_1018f6335fdfd3d65dd6,term_23_media-duel-masters-dm25_11_term-ticket,チケット,チケット,alt,term_alias_eb55850263fe129a0279,term_23_media-duel-masters-dm25_11_term-ticket,ticket,ticket,romaji,term_alias_d895d4e4a987e04d952c,term_23_media-duel-masters-dm25_17_term-ranked-match,ランクマッチ,ランクマッチ,alt,term_alias_85e9123138d47e50cd74,term_23_media-duel-masters-dm25_17_term-ranked-match,ranked match,ranked match,romaji,term_alias_6e2ccef6cb0f95ac210a,term_23_media-duel-masters-dm25_15_term-room-match,ルームマッチ,ルームマッチ,alt,term_alias_21d2e5b3481dcdb23278,term_23_media-duel-masters-dm25_15_term-room-match,room match,room match,romaji,term_alias_8d669ab3e113365c48ac,term_23_media-duel-masters-dm25_15_term-quick-pick,クイック・ピック,クイック・ピック,alt,term_alias_05e97962f258b93108fa,term_23_media-duel-masters-dm25_15_term-quick-pick,クイックピック,クイックピック,alt,term_alias_dee312553e2b8612f474,term_23_media-duel-masters-dm25_15_term-quick-pick,quick pick,quick pick,romaji,term_alias_6da2c742587ef37d6776,term_23_media-duel-masters-dm25_14_term-solo-play,ソロプレイ,ソロプレイ,alt,term_alias_0b9801182f7919501824,term_23_media-duel-masters-dm25_14_term-solo-play,solo play,solo play,romaji,term_alias_3cd64ffbbd0c85575e47,term_23_media-duel-masters-dm25_18_term-legend-battle,レジェンドバトル,レジェンドバトル,alt,term_alias_b44bfefe610c4e9ebc12,term_23_media-duel-masters-dm25_18_term-legend-battle,legend battle,legend battle,romaji,term_alias_69b55cd5cd172f1d047d,term_23_media-duel-masters-dm25_20_term-tower-of-trials,試練の塔,試練の塔,alt,term_alias_53b422a9d60e74fd4d0a,term_23_media-duel-masters-dm25_20_term-tower-of-trials,shiren no tou,shiren no tou,romaji,term_alias_e41740855c428ce1af71,term_23_media-duel-masters-dm25_16_term-achievement,達成,達成,alt,term_alias_834f68519819f7772302,term_23_media-duel-masters-dm25_16_term-achievement,tassei,tassei,romaji,term_alias_e24e4d4d315b8e42b6ba,term_23_media-duel-masters-dm25_12_term-ongoing,開催中,開催中,alt,term_alias_327bb707de746455b114,term_23_media-duel-masters-dm25_12_term-ongoing,kaisaichuu,kaisaichuu,romaji,term_alias_efbb4ff399c5c8fb72f9,term_23_media-duel-masters-dm25_11_term-unlock,解放,解放,alt,term_alias_3cae0e9833a0962abe1a,term_23_media-duel-masters-dm25_11_term-unlock,kaihou,kaihou,romaji,term_alias_00e434ef5091210e4876,term_23_media-duel-masters-dm25_10_term-match,対戦,対戦,alt,term_alias_cc42891f3190056f2b80,term_23_media-duel-masters-dm25_10_term-match,taisen,taisen,romaji,term_alias_3dea30f77caf7fd118b4,term_23_media-duel-masters-dm25_10_term-start,開始,開始,alt,term_alias_11163a4100fc519280cc,term_23_media-duel-masters-dm25_10_term-start,kaishi,kaishi,romaji,term_alias_46e49e45e395f75c536b,term_23_media-duel-masters-dm25_16_term-start-match,対戦開始,対戦開始,alt,term_alias_0045ee40ba41d75c20b8,term_23_media-duel-masters-dm25_16_term-start-match,taisen kaishi,taisen kaishi,romaji,term_alias_1617422548b9d96deaf4,term_23_media-duel-masters-dm25_16_term-present-box,プレゼントボックス,プレゼントボックス,alt,term_alias_cd82c0e45e2c2ae51233,term_23_media-duel-masters-dm25_16_term-present-box,present box,present box,romaji,term_alias_a17f18d0e35b105fac33,term_23_media-duel-masters-dm25_14_term-unclaimed,未受け取り,未受け取り,alt,term_alias_e3c85ade2510bc761a4e,term_23_media-duel-masters-dm25_14_term-unclaimed,unclaimed,unclaimed,romaji,term_alias_45dfa20ce066d40fbd20,term_23_media-duel-masters-dm25_18_term-claim-history,受け取り履歴,受け取り履歴,alt,term_alias_4d390f78c03336141c3c,term_23_media-duel-masters-dm25_18_term-claim-history,claim history,claim history,romaji,term_alias_89a22c914c25a8dab7bf,term_23_media-duel-masters-dm25_15_term-bulk-claim,一括受け取り,一括受け取り,alt,term_alias_770b3300d9c98b2c086a,term_23_media-duel-masters-dm25_15_term-bulk-claim,bulk claim,bulk claim,romaji,term_alias_36e28b9d06b86a6910cd,term_23_media-duel-masters-dm25_19_term-claim-deadline,受け取り期限,受け取り期限,alt,term_alias_d62920ff0e36208cebbe,term_23_media-duel-masters-dm25_19_term-claim-deadline,claim deadline,claim deadline,romaji,term_alias_47ac76ccc7e569746af9,term_23_media-duel-masters-dm25_13_term-deadline,期限,期限,alt,term_alias_2e35a3a3b1b29b9ad320,term_23_media-duel-masters-dm25_13_term-deadline,きげん,きげん,reading,term_alias_e2ed992d340c10f446fd,term_23_media-duel-masters-dm25_13_term-deadline,kigen,kigen,romaji,term_alias_60856c8ee8e52893e5d7,term_23_media-duel-masters-dm25_13_term-kakutoku,獲得,獲得,alt,term_alias_89054e8ad526c80cd74d,term_23_media-duel-masters-dm25_13_term-kakutoku,kakutoku,kakutoku,romaji,term_alias_e5e70319bcf18d5ec487,term_23_media-duel-masters-dm25_13_term-datetime,日時,日時,alt,term_alias_2b0446f216fda27d28d7,term_23_media-duel-masters-dm25_13_term-datetime,にちじ,にちじ,reading,term_alias_d2c80a6290719eec7530,term_23_media-duel-masters-dm25_13_term-datetime,nichiji,nichiji,romaji,term_alias_a39416bfdcd9f13b7278,term_23_media-duel-masters-dm25_17_term-stage-select,ステージ選択,ステージ選択,alt,term_alias_7073e7bed003c240ed52,term_23_media-duel-masters-dm25_17_term-stage-select,stage select,stage select,romaji,term_alias_798063a7c36b9f5479c4,term_23_media-duel-masters-dm25_23_term-card-pack-purchase,カードパック購入,カードパック購入,alt,term_alias_51a8ed6de1980e8d9f2c,term_23_media-duel-masters-dm25_23_term-card-pack-purchase,card pack purchase,card pack purchase,romaji,term_alias_c02010a20e91ccdffc4d,term_23_media-duel-masters-dm25_15_term-offer-rate,提供割合,提供割合,alt,term_alias_1050795423e99b060e6e,term_23_media-duel-masters-dm25_15_term-offer-rate,ていきょうわりあい,ていきょうわりあい,reading,term_alias_b4cbebb00c2d8bc28800,term_23_media-duel-masters-dm25_15_term-offer-rate,teikyou wariai,teikyou wariai,romaji,term_alias_df3b546aefa45497a2e4,term_23_media-duel-masters-dm25_8_term-use,使用,使用,alt,term_alias_6a476dfd498cca3350c9,term_23_media-duel-masters-dm25_8_term-use,shiyou,shiyou,romaji,term_alias_87d8826c33b1fd4e366e,term_23_media-duel-masters-dm25_17_term-owned-ticket,所持チケット,所持チケット,alt,term_alias_395f2103ed4508428494,term_23_media-duel-masters-dm25_17_term-owned-ticket,owned tickets,owned tickets,romaji,term_alias_1733757d892b43658acf,term_23_media-duel-masters-dm25_22_term-purchase-quantity,購入個数,購入個数,alt,term_alias_ae36331fc8a5a2ee7ea4,term_23_media-duel-masters-dm25_22_term-purchase-quantity,purchase quantity,purchase quantity,romaji,term_alias_99616e2d764be9e1a45e,term_23_media-duel-masters-dm25_20_term-exchange-period,交換期間,交換期間,alt,term_alias_b4cf59aa62a7f75fe144,term_23_media-duel-masters-dm25_20_term-exchange-period,exchange period,exchange period,romaji,term_alias_79d696757bbc00c494d5,term_23_media-duel-masters-dm25_16_term-sale-period,販売期間,販売期間,alt,term_alias_002efec61f91d551ee72,term_23_media-duel-masters-dm25_16_term-sale-period,sale period,sale period,romaji,term_alias_063660d55ea84d5a4762,term_23_media-duel-masters-dm25_13_term-prebuilt,構築済み,構築済み,alt,term_alias_468f7eb8b26423b4e3ee,term_23_media-duel-masters-dm25_13_term-prebuilt,こうちくずみ,こうちくずみ,reading,term_alias_e8c15498707093337b72,term_23_media-duel-masters-dm25_13_term-prebuilt,kouchikuzumi,kouchikuzumi,romaji,term_alias_8ffe213a6df1ead09529,term_23_media-duel-masters-dm25_30_term-constructed-deck-purchase,構築済みデッキ購入,構築済みデッキ購入,alt,term_alias_ec0fec6184e8b4aed544,term_23_media-duel-masters-dm25_30_term-constructed-deck-purchase,constructed deck purchase,constructed deck purchase,romaji,term_alias_c4069d1188e041f16e28,term_23_media-duel-masters-dm25_14_term-deck-list,デッキ一覧,デッキ一覧,alt,term_alias_7eba86c50284b09665dc,term_23_media-duel-masters-dm25_14_term-deck-list,deck list,deck list,romaji,term_alias_ab824262defa5accb1ba,term_23_media-duel-masters-dm25_13_term-overview,概要,概要,alt,term_alias_dc0a935b0d5abfa884c4,term_23_media-duel-masters-dm25_13_term-overview,がいよう,がいよう,reading,term_alias_bc32ead12d0e0d81b3e9,term_23_media-duel-masters-dm25_13_term-overview,gaiyou,gaiyou,romaji,term_alias_2bdcf0e836980bda7add,term_23_media-duel-masters-dm25_13_term-key-card,キーカード,キーカード,alt,term_alias_44a71798ca7f7814cdca,term_23_media-duel-masters-dm25_13_term-key-card,key card,key card,romaji,term_alias_2657feea7c18d4e6472e,term_23_media-duel-masters-dm25_17_term-legend-skill,レジェンドスキル,レジェンドスキル,alt,term_alias_ee1fc42039dac9418cf1,term_23_media-duel-masters-dm25_17_term-legend-skill,legend skill,legend skill,romaji,term_alias_5fb30bbdabc8f8f370fd,term_23_media-duel-masters-dm25_13_term-shortage,不足,不足,alt,term_alias_20056b5fbe6598631fdb,term_23_media-duel-masters-dm25_13_term-shortage,ふそく,ふそく,reading,term_alias_028d29ebdedd553da5c7,term_23_media-duel-masters-dm25_13_term-shortage,fusoku,fusoku,romaji,term_alias_40522dbde701e6d60a1c,term_23_media-duel-masters-dm25_17_term-read-already,既読,既読,alt,term_alias_a06fce22c3580a3b1ce9,term_23_media-duel-masters-dm25_17_term-read-already,already read,already read,romaji,term_alias_6cad5454c7ad1367a7e6,term_23_media-duel-masters-dm25_9_term-skip,スキップ,スキップ,alt,term_alias_ab6f49082da72b071e31,term_23_media-duel-masters-dm25_9_term-skip,skip,skip,romaji,term_alias_79f0ea2943d47cfe598e,term_23_media-duel-masters-dm25_19_term-beginner-class,初級,初級,alt,term_alias_caa80975634adc3fe061,term_23_media-duel-masters-dm25_19_term-beginner-class,beginner,beginner,romaji,term_alias_170d1109803de349bee5,term_23_media-duel-masters-dm25_23_term-intermediate-class,中級,中級,alt,term_alias_8458c3137b6a65257a64,term_23_media-duel-masters-dm25_23_term-intermediate-class,intermediate,intermediate,romaji,term_alias_348668b14965283dcaba,term_23_media-duel-masters-dm25_14_term-challenge,挑戦,挑戦,alt,term_alias_446c4c6a66e23287af27,term_23_media-duel-masters-dm25_14_term-challenge,challenge,challenge,romaji,term_alias_fa42e4cf29e6fdab908c,term_23_media-duel-masters-dm25_16_term-abyss-royal,アビスロイヤル,アビスロイヤル,alt,term_alias_bf971ffb99e65e84e5d6,term_23_media-duel-masters-dm25_16_term-abyss-royal,abyss royal,abyss royal,romaji,term_alias_1915db096a585d56dadf,term_23_media-duel-masters-dm25_24_term-abyssbell-jashintei,アビスベル=ジャシン帝,アビスベル=ジャシン帝,alt,term_alias_11271ba46cc79088f5fa,term_23_media-duel-masters-dm25_24_term-abyssbell-jashintei,ジャシン帝,ジャシン帝,alt,term_alias_b4af777e093c5eeb204f,term_23_media-duel-masters-dm25_24_term-abyssbell-jashintei,abisuberu jashintei,abisuberu jashintei,romaji,term_alias_b55de06efee41b48077d,term_23_media-duel-masters-dm25_15_term-jashinnyuu,邪侵入,邪侵入,alt,term_alias_2983b6210058194d4cf3,term_23_media-duel-masters-dm25_15_term-jashinnyuu,じゃしんにゅう,じゃしんにゅう,reading,term_alias_5f3747144e4a9ef8fe2c,term_23_media-duel-masters-dm25_15_term-jashinnyuu,jashinnyuu,jashinnyuu,romaji,term_alias_6e393a00dade3af05ec2,term_23_media-duel-masters-dm25_12_term-jablood,ジャブラッド,ジャブラッド,alt,term_alias_af174e4698e1e9e0494f,term_23_media-duel-masters-dm25_12_term-jablood,jaburaddo,jaburaddo,romaji,term_alias_309db63c8cebc69c1226,term_23_media-duel-masters-dm25_15_term-abyss-rush,アビスラッシュ,アビスラッシュ,alt,term_alias_be363ec5156757f46a35,term_23_media-duel-masters-dm25_15_term-abyss-rush,abisurasshu,abisurasshu,romaji,term_alias_6ed78562314597a2ca92,term_23_media-duel-masters-dm25_15_term-abyss-rush,abyss rush,abyss rush,romaji,term_alias_154d15febbcf28b52af8,term_23_media-duel-masters-dm25_16_term-civil-count,シビルカウント,シビルカウント,alt,term_alias_b2dc8d3470f399eb2bfb,term_23_media-duel-masters-dm25_16_term-civil-count,shibiru kaunto,shibiru kaunto,romaji,term_alias_ba10e00e699ca70f4fb7,term_23_media-duel-masters-dm25_16_term-civil-count,civil count,civil count,romaji,term_alias_e0cb3fd6cc32a8c3a4b3,term_23_media-duel-masters-dm25_18_term-attack-target,攻撃先,攻撃先,alt,term_alias_53b8317fbff6ed26331a,term_23_media-duel-masters-dm25_18_term-attack-target,こうげきさき,こうげきさき,reading,term_alias_285c6d5cb8a969e617ce,term_23_media-duel-masters-dm25_18_term-attack-target,kougekisaki,kougekisaki,romaji,term_alias_435d7898862298bdbe88,term_23_media-duel-masters-dm25_11_term-tobasu,とばす,とばす,reading,term_alias_7087f6a7c15a7c1659f8,term_23_media-duel-masters-dm25_11_term-tobasu,飛ばす,飛ばす,alt,term_alias_988c932910f9b1e0178a,term_23_media-duel-masters-dm25_11_term-tobasu,tobasu,tobasu,romaji,term_alias_c16b11663c031037889d,term_23_media-duel-masters-dm25_13_term-red-zone,レッドゾーン,レッドゾーン,alt,term_alias_bdc1faeb6c804efd06f7,term_23_media-duel-masters-dm25_13_term-red-zone,reddo zoon,reddo zoon,romaji,term_alias_6da73d4ffeb195000f37,term_23_media-duel-masters-dm25_24_term-apollonus-dragelion,アポロヌス・ドラゲリオン,アポロヌス・ドラゲリオン,alt,term_alias_dd50e43b6b22d2dd8e04,term_23_media-duel-masters-dm25_24_term-apollonus-dragelion,超神羅星アポロヌス・ドラゲリオン,超神羅星アポロヌス・ドラゲリオン,alt,term_alias_44713c713a1b910a2d26,term_23_media-duel-masters-dm25_24_term-apollonus-dragelion,aporonusu doragerion,aporonusu doragerion,romaji,term_alias_5c9f264912072a06ddb1,term_23_media-duel-masters-dm25_20_term-shinka-sekkeizu,進化設計図,進化設計図,alt,term_alias_ec48039a1c5b33388675,term_23_media-duel-masters-dm25_20_term-shinka-sekkeizu,しんかせっけいず,しんかせっけいず,reading,term_alias_f9455536e0a14f7870bc,term_23_media-duel-masters-dm25_20_term-shinka-sekkeizu,shinka sekkeizu,shinka sekkeizu,romaji,term_alias_dda440a0c4bc432f9ded,term_23_media-duel-masters-dm25_19_term-mirai-sekkeizu,未来設計図,未来設計図,alt,term_alias_e2d987b75f6e08f7338e,term_23_media-duel-masters-dm25_19_term-mirai-sekkeizu,みらいせっけいず,みらいせっけいず,reading,term_alias_b7cbdd773a94365a8895,term_23_media-duel-masters-dm25_19_term-mirai-sekkeizu,mirai sekkeizu,mirai sekkeizu,romaji,term_alias_9b989b97ab45d4eeffb6,term_23_media-duel-masters-dm25_13_term-g-strike,G・ストライク,g・ストライク,alt,term_alias_5b44df500a032d660038,term_23_media-duel-masters-dm25_13_term-g-strike,ガード・ストライク,ガード・ストライク,alt,term_alias_ba74f9b43b65b9b3ced0,term_23_media-duel-masters-dm25_13_term-g-strike,gaado sutoraiku,gaado sutoraiku,romaji,term_alias_ea2428bd9f5d968ceb3e,term_23_media-duel-masters-dm25_23_term-ultimate-evolution,究極進化,究極進化,alt,term_alias_f114a8a4eae97d9a9945,term_23_media-duel-masters-dm25_23_term-ultimate-evolution,きゅうきょくしんか,きゅうきょくしんか,reading,term_alias_33d487a3fd2d6042ce36,term_23_media-duel-masters-dm25_23_term-ultimate-evolution,kyuukyoku shinka,kyuukyoku shinka,romaji,term_alias_17373c032b016df3e754,term_23_media-duel-masters-dm25_15_term-meteorburn,メテオバーン,メテオバーン,alt,term_alias_a38da5c48015bf5358b9,term_23_media-duel-masters-dm25_15_term-meteorburn,めておばーん,めておばーん,reading,term_alias_b55aed8f2d4e83d97410,term_23_media-duel-masters-dm25_15_term-meteorburn,meteo baan,meteo baan,romaji,term_alias_230d427d10c763d2f6e1,term_23_media-duel-masters-dm25_20_term-super-s-trigger,スーパー・S・トリガー,スーパー・s・トリガー,alt,term_alias_81b9d87a2dd0890470f7,term_23_media-duel-masters-dm25_20_term-super-s-trigger,スーパーSトリガー,スーパーsトリガー,alt,term_alias_c971ad49c7e15e580fd3,term_23_media-duel-masters-dm25_20_term-super-s-trigger,super s-trigger,super s-trigger,romaji,term_alias_446a403585c4aff89303,term_23_media-duel-masters-dm25_20_term-super-s-trigger,suupaa shiirudo torigaa,suupaa shiirudo torigaa,romaji,term_alias_18a39138b9a986b95a4a,term_23_media-duel-masters-dm25_12_term-face-up,表向き,表向き,alt,term_alias_5cd19184001612c68597,term_23_media-duel-masters-dm25_12_term-face-up,おもてむき,おもてむき,reading,term_alias_b96637e998407198d016,term_23_media-duel-masters-dm25_12_term-face-up,omotemuki,omotemuki,romaji,term_alias_7beca4252cb6969affbe,term_23_media-duel-masters-dm25_9_term-kaku,各,各,alt,term_alias_e4d2dc3442785aab2a5e,term_23_media-duel-masters-dm25_9_term-kaku,かく,かく,reading,term_alias_9f999abd56e345a19c92,term_23_media-duel-masters-dm25_9_term-kaku,each,each,romaji,term_alias_72300f9137615c44ea9d,term_23_media-duel-masters-dm25_11_term-saisho,最初,最初,alt,term_alias_21083e283cc222f43784,term_23_media-duel-masters-dm25_11_term-saisho,さいしょ,さいしょ,reading,term_alias_e72cc0786c2d5dcf81ca,term_23_media-duel-masters-dm25_11_term-saisho,first,first,romaji,term_alias_40332e6caba46c300bf1,term_23_media-duel-masters-dm25_10_term-owari,終わり,終わり,alt,term_alias_57ffce05ac75417b70a4,term_23_media-duel-masters-dm25_10_term-owari,終り,終り,alt,term_alias_28ddf01dd1d396864286,term_23_media-duel-masters-dm25_10_term-owari,おわり,おわり,reading,term_alias_61254df1b118f81240bc,term_23_media-duel-masters-dm25_10_term-owari,end,end,romaji,term_alias_f4b2989d61f1946fc468,term_23_media-duel-masters-dm25_15_term-ichiban-ue,一番上,一番上,alt,term_alias_1159b7d928beaa1f6a55,term_23_media-duel-masters-dm25_15_term-ichiban-ue,いちばんうえ,いちばんうえ,reading,term_alias_7936ba2b39b60bdf53bd,term_23_media-duel-masters-dm25_15_term-ichiban-ue,top,top,romaji,term_alias_8a113d77fcc2afcff884,term_23_media-duel-masters-dm25_18_term-battle-saseru,バトルさせる,バトルさせる,alt,term_alias_466c1654834c4667b316,term_23_media-duel-masters-dm25_18_term-battle-saseru,ばとるさせる,ばとるさせる,reading,term_alias_060cbee17715b94344cf,term_23_media-duel-masters-dm25_18_term-battle-saseru,batoru saseru,batoru saseru,romaji,term_alias_f48c60ad7b8b57627a8a,term_23_media-duel-masters-dm25_16_term-crash-hadou,勝利龍装 クラッシュ“覇道”,勝利龍装 クラッシュ“覇道”,alt,term_alias_dbd67d8c749f3022ec1e,term_23_media-duel-masters-dm25_16_term-crash-hadou,勝利龍装 クラッシュ覇道,勝利龍装 クラッシュ覇道,alt,term_alias_81225b53a8e181ff6f7b,term_23_media-duel-masters-dm25_16_term-crash-hadou,クラッシュ覇道,クラッシュ覇道,alt,term_alias_0ac15450a590aad392f2,term_23_media-duel-masters-dm25_16_term-crash-hadou,crash hadou,crash hadou,romaji,term_alias_34573df5a8ec06dded15,term_23_media-duel-masters-dm25_14_term-b-a-d-two,B・A・D 2,b・a・d 2,alt,term_alias_9299d3adf1c1a472d51e,term_23_media-duel-masters-dm25_14_term-b-a-d-two,BAD 2,bad 2,romaji,term_alias_e7a1ef46e1d90420f301,term_23_media-duel-masters-dm25_14_term-b-a-d-two,bii ei dii tsuu,bii ei dii tsuu,romaji,term_alias_12ec23266bf78c30eec6,term_23_media-duel-masters-dm25_19_term-speed-attacker,スピードアタッカー,スピードアタッカー,alt,term_alias_631e7c7046a3ca80631b,term_23_media-duel-masters-dm25_19_term-speed-attacker,speed attacker,speed attacker,romaji,term_alias_8286aa57ad705788e6c2,term_23_media-duel-masters-dm25_19_term-speed-attacker,supiido atakkaa,supiido atakkaa,romaji,term_alias_bd1023af69a8bd86cd47,term_23_media-duel-masters-dm25_16_term-dragonguild,ドラゴンギルド,ドラゴンギルド,alt,term_alias_02e9ace454ad5aac4170,term_23_media-duel-masters-dm25_16_term-dragonguild,doragon girudo,doragon girudo,romaji,term_alias_d1761e4ad3c9ebca621f,term_23_media-duel-masters-dm25_16_term-dragonguild,Dragon Guild,dragon guild,romaji,term_alias_aa0e8bdc03230a38231f,term_23_media-duel-masters-dm25_16_term-beat-jockey,ビートジョッキー,ビートジョッキー,alt,term_alias_6a41e55736898a01654c,term_23_media-duel-masters-dm25_16_term-beat-jockey,biito jokkii,biito jokkii,romaji,term_alias_45bd61c4827aa3c77070,term_23_media-duel-masters-dm25_16_term-beat-jockey,Beat Jockey,beat jockey,romaji,term_alias_d0f785652518f3854d23,term_23_media-duel-masters-dm25_14_term-tap-state,タップ状態,タップ状態,alt,term_alias_f464c159f13db2c5c8c9,term_23_media-duel-masters-dm25_14_term-tap-state,tappu joutai,tappu joutai,romaji,term_alias_54ef16378aae1b2ee496,term_23_media-duel-masters-dm25_11_term-battle,バトル,バトル,alt,term_alias_9319e0f65fc37d18074a,term_23_media-duel-masters-dm25_11_term-battle,batoru,batoru,romaji,term_alias_ef83129a9064fe2e59e4,term_23_media-duel-masters-dm25_13_term-add-turn,ターンを追加する,ターンを追加する,alt,term_alias_a633b74e790185be2dbe,term_23_media-duel-masters-dm25_13_term-add-turn,追加する,追加する,alt,term_alias_8f255687d2618a3b314c,term_23_media-duel-masters-dm25_13_term-add-turn,taan o tsuika suru,taan o tsuika suru,romaji,term_alias_b1c284cd6f5ab3585e62,term_23_media-duel-masters-dm25_18_term-maou-de-szark,魔凰 デ・スザーク,魔凰 デ・スザーク,alt,term_alias_515c0a750f5dbc9424a0,term_23_media-duel-masters-dm25_18_term-maou-de-szark,デ・スザーク,デ・スザーク,alt,term_alias_dfe2b24ea4107a277848,term_23_media-duel-masters-dm25_18_term-maou-de-szark,maou de suzaaku,maou de suzaaku,romaji,term_alias_222d84ec8fc7400f6c31,term_23_media-duel-masters-dm25_18_term-maou-de-szark,de szark,de szark,romaji,term_alias_1d0392aa968518830998,term_23_media-duel-masters-dm25_12_term-madougu,魔導具,魔導具,alt,term_alias_fdbf2beff475ffa3dee3,term_23_media-duel-masters-dm25_12_term-madougu,madougu,madougu,romaji,term_alias_bfbd22a2f714f7edd9e5,term_23_media-duel-masters-dm25_12_term-madougu,Magic Tool,magic tool,romaji,term_alias_bc4cc89b76659902986a,term_23_media-duel-masters-dm25_19_term-master-dolszak,マスター・ドルスザク,マスター・ドルスザク,alt,term_alias_510e839efe9b8baead16,term_23_media-duel-masters-dm25_19_term-master-dolszak,masutaa dorusuzaku,masutaa dorusuzaku,romaji,term_alias_609156ef60b378de883c,term_23_media-duel-masters-dm25_19_term-master-dolszak,Master Dolszak,master dolszak,romaji,term_alias_6ffe7566b1c40fa3fa3d,term_23_media-duel-masters-dm25_14_term-mafi-gang,マフィ・ギャング,マフィ・ギャング,alt,term_alias_be1e50a071766c1791a4,term_23_media-duel-masters-dm25_14_term-mafi-gang,mafi gyangu,mafi gyangu,romaji,term_alias_38cef579a6f2646d9136,term_23_media-duel-masters-dm25_14_term-mafi-gang,Mafi Gang,mafi gang,romaji,term_alias_d7126e82e1bad190f23b,term_23_media-duel-masters-dm25_20_term-mugestsu-no-mon,無月の門,無月の門,alt,term_alias_c7e079beaf83d9f72ced,term_23_media-duel-masters-dm25_20_term-mugestsu-no-mon,mugetsu no mon,mugetsu no mon,romaji,term_alias_cdf313c7790941d1686c,term_23_media-duel-masters-dm25_20_term-mugestsu-no-mon,Gate of Moonless Night,gate of moonless night,romaji,term_alias_5b1881056e140ef6c2b9,term_23_media-duel-masters-dm25_11_term-subete,すべて,すべて,reading,term_alias_8f01af87eac638243fee,term_23_media-duel-masters-dm25_11_term-subete,subete,subete,romaji,term_alias_eecc0d80cc0018b04a0e,term_23_media-duel-masters-dm25_9_term-dama,堕魔,堕魔,alt,term_alias_2e4d3307132605442346,term_23_media-duel-masters-dm25_9_term-dama,daama,daama,romaji,term_alias_35768ee49c896e4ae57a,term_23_media-duel-masters-dm25_20_term-bad-brand-first,“罰怒”ブランド 1st,“罰怒”ブランド 1st,alt,term_alias_93e571cac9caf8febb64,term_23_media-duel-masters-dm25_20_term-bad-brand-first,罰怒ブランド 1st,罰怒ブランド 1st,alt,term_alias_6df153938fce0d7fd12e,term_23_media-duel-masters-dm25_20_term-bad-brand-first,バッドブランド 1st,バッドブランド 1st,alt,term_alias_049d1d99c3d6d306f57f,term_23_media-duel-masters-dm25_20_term-bad-brand-first,Bad Brand First,bad brand first,romaji,term_alias_7f1fdfcae19957e3cfd4,term_23_media-duel-masters-dm25_21_term-top-card-of-deck,山札の上から1枚目,山札の上から1枚目,alt,term_alias_4c7d381cd4101f273aab,term_23_media-duel-masters-dm25_21_term-top-card-of-deck,上から1枚目,上から1枚目,alt,term_alias_41e0676febbc6eeaaeb7,term_23_media-duel-masters-dm25_21_term-top-card-of-deck,top card,top card,romaji,term_alias_d81a8b6e90022b486b74,term_23_media-duel-masters-dm25_19_term-bottom-of-deck,山札の一番下,山札の一番下,alt,term_alias_2d52515dc50743dc9683,term_23_media-duel-masters-dm25_19_term-bottom-of-deck,一番下,一番下,alt,term_alias_66c6c7173293e73c95be,term_23_media-duel-masters-dm25_19_term-bottom-of-deck,bottom of deck,bottom of deck,romaji,term_alias_0fea7ffdf43f8bb892b3,term_23_media-duel-masters-dm25_18_term-ichiban-shita,一番下,一番下,alt,term_alias_2d0e559a96b3aaf0ba7f,term_23_media-duel-masters-dm25_18_term-ichiban-shita,いちばんした,いちばんした,reading,term_alias_484da4f709673beffab4,term_23_media-duel-masters-dm25_18_term-ichiban-shita,bottom,bottom,romaji,term_alias_ed9e1970da2f2b28759e,term_23_media-duel-masters-dm25_21_term-kenzan-no-sabaki,剣参ノ裁キ,剣参ノ裁キ,alt,term_alias_5da5409065844a9b0458,term_23_media-duel-masters-dm25_21_term-kenzan-no-sabaki,剣参の裁き,剣参の裁き,alt,term_alias_a2fd521992e1ccff173f,term_23_media-duel-masters-dm25_21_term-kenzan-no-sabaki,kenzan no sabaki,kenzan no sabaki,romaji,term_alias_11781124fba5a942bcca,term_23_media-duel-masters-dm25_21_term-kenzan-no-sabaki,Three Sword's Judgment,three sword's judgment,alt,term_alias_b583b91c9250b3a3caa7,term_23_media-duel-masters-dm25_14_term-metallica,メタリカ,メタリカ,alt,term_alias_d9809b93e0d75afcc0c2,term_23_media-duel-masters-dm25_14_term-metallica,metarika,metarika,romaji,term_alias_81b4cf6fe76ecf4b4b5e,term_23_media-duel-masters-dm25_14_term-metallica,Metallica,metallica,romaji,term_alias_df655894cda41fc88832,term_23_media-duel-masters-dm25_20_term-judgment-emblem,裁きの紋章,裁きの紋章,alt,term_alias_870f75cd06fb8b363328,term_23_media-duel-masters-dm25_20_term-judgment-emblem,さばきのもんしょう,さばきのもんしょう,reading,term_alias_a386e00d705649a0cadf,term_23_media-duel-masters-dm25_20_term-judgment-emblem,sabaki no monshou,sabaki no monshou,romaji,term_alias_7822d297dd4db732d616,term_23_media-duel-masters-dm25_20_term-judgment-emblem,Judgment Emblem,judgment emblem,romaji,term_alias_abd38b13b9c1907d0b36,term_23_media-duel-masters-dm25_22_term-kuromame-danshaku,黒豆だんしゃく,黒豆だんしゃく,alt,term_alias_5f2602f10c2e47e704b0,term_23_media-duel-masters-dm25_22_term-kuromame-danshaku,黒豆だんしゃく/白米男しゃく,黒豆だんしゃく/白米男しゃく,alt,term_alias_1e8452a2d222a5a4a9d6,term_23_media-duel-masters-dm25_22_term-kuromame-danshaku,Kuromame Danshaku,kuromame danshaku,romaji,term_alias_467ead84e15e7361d7a9,term_23_media-duel-masters-dm25_12_term-ability,能力,能力,alt,term_alias_5b044f3218e0f2c6cfd7,term_23_media-duel-masters-dm25_12_term-ability,のうりょく,のうりょく,reading,term_alias_c784574dcdd716d28273,term_23_media-duel-masters-dm25_12_term-ability,nouryoku,nouryoku,romaji,term_alias_40d8adc9516e2b1c9c98,term_23_media-duel-masters-dm25_21_term-tamatango-panzer,タマタンゴ・パンツァー,タマタンゴ・パンツァー,alt,term_alias_dcbf041dbd8d76b67366,term_23_media-duel-masters-dm25_21_term-tamatango-panzer,Tamatango Panzer,tamatango panzer,romaji,term_alias_19b25103e0ae08df05d3,term_23_media-duel-masters-dm25_13_term-gransect,グランセクト,グランセクト,alt,term_alias_67d45d78efcb9b17d1d8,term_23_media-duel-masters-dm25_13_term-gransect,Gransect,gransect,romaji,term_alias_6d96588f7f413e99463c,term_23_media-duel-masters-dm25_13_term-gransect,guransekuto,guransekuto,romaji,term_alias_7aa6cb98e4b7a279b14d,term_23_media-duel-masters-dm25_29_term-enter-battle-zone-tapped,タップして置く,タップして置く,alt,term_alias_0f3cbb26966d5cc7cabc,term_23_media-duel-masters-dm25_29_term-enter-battle-zone-tapped,タップしてバトルゾーンに出る,タップしてバトルゾーンに出る,alt,term_alias_80a7db901da4d356a9a7,term_23_media-duel-masters-dm25_9_term-baai,場合,場合,alt,term_alias_c682c721fea75e157bbe,term_23_media-duel-masters-dm25_9_term-baai,ばあい,ばあい,reading,term_alias_4d3152399250b8213757,term_23_media-duel-masters-dm25_9_term-baai,baai,baai,romaji,term_alias_0e507cc9b41a00c3f406,term_23_media-duel-masters-dm25_11_term-ataeru,与える,与える,alt,term_alias_69d48154ab7c8805eb49,term_23_media-duel-masters-dm25_11_term-ataeru,あたえる,あたえる,reading,term_alias_983e7b54f930b71080a9,term_23_media-duel-masters-dm25_11_term-ataeru,ataeru,ataeru,romaji,term_alias_b93f39264ec2bf4a8cad,term_23_media-duel-masters-dm25_21_term-kingdom-ohkabuto,キングダム・オウ禍武斗,キングダム・オウ禍武斗,alt,term_alias_d5be89330804fb67a38a,term_23_media-duel-masters-dm25_21_term-kingdom-ohkabuto,キングダム・オウカブト,キングダム・オウカブト,alt,term_alias_9a20d67fe5cedf68be2a,term_23_media-duel-masters-dm25_21_term-kingdom-ohkabuto,kingdom ohkabuto,kingdom ohkabuto,romaji,term_alias_3f24a7f4913422b3e00a,term_23_media-duel-masters-dm25_27_term-gouhaten-tsukumogatari,轟破天九十九語,轟破天九十九語,alt,term_alias_7e63d2eb1dbaa0917dfb,term_23_media-duel-masters-dm25_27_term-gouhaten-tsukumogatari,ごうはてんつくもがたり,ごうはてんつくもがたり,reading,term_alias_11243431269dad5c2851,term_23_media-duel-masters-dm25_27_term-gouhaten-tsukumogatari,gouhaten tsukumogatari,gouhaten tsukumogatari,romaji,term_alias_9973b99b20e62a12c8d1,term_23_media-duel-masters-dm25_17_term-mach-fighter,マッハファイター,マッハファイター,alt,term_alias_8ae45e6686c21a7617cf,term_23_media-duel-masters-dm25_17_term-mach-fighter,Mach Fighter,mach fighter,romaji,term_alias_2454f60a599f99447067,term_23_media-duel-masters-dm25_17_term-mach-fighter,mahha faitaa,mahha faitaa,romaji,term_alias_7f8c10e20b64da1f6a11,term_23_media-duel-masters-dm25_17_term-suki-na-kazu,好きな数,好きな数,alt,term_alias_a59a4b6727c18eab7892,term_23_media-duel-masters-dm25_17_term-suki-na-kazu,すきなかず,すきなかず,reading,term_alias_d3719eb79124494344e0,term_23_media-duel-masters-dm25_12_term-kore-ra,これら,これら,reading,term_alias_77510a7d1b11339b0b59,term_23_media-duel-masters-dm25_12_term-kore-ra,korera,korera,romaji,term_alias_37685cb15ac828609cdf,term_23_media-duel-masters-dm25_15_term-mushi-suru,無視する,無視する,alt,term_alias_adcdc7ae7b1a9d2ca8c0,term_23_media-duel-masters-dm25_15_term-mushi-suru,むしする,むしする,reading,term_alias_8734d2f35bb5a7fbf2a1,term_23_media-duel-masters-dm25_15_term-mushi-suru,ignore,ignore,romaji,term_alias_bbd644331d9ceb32dd80,term_23_media-duel-masters-dm25_11_term-jougen,上限,上限,alt,term_alias_dbc47bd47f5d05ca47a0,term_23_media-duel-masters-dm25_11_term-jougen,じょうげん,じょうげん,reading,term_alias_e0e2b4f8813ef911fd1d,term_23_media-duel-masters-dm25_11_term-jougen,jougen,jougen,romaji,term_alias_871369a068bebf254788,term_23_media-duel-masters-dm25_10_term-okoru,起こる,起こる,alt,term_alias_8989c400206110fa2588,term_23_media-duel-masters-dm25_10_term-okoru,おこる,おこる,reading,term_alias_c28f0a3913a5aa5c768f,term_23_media-duel-masters-dm25_10_term-okoru,okoru,okoru,romaji,term_alias_0a7793c5e60a38cff95e,term_23_media-duel-masters-dm25_31_term-beethoven-zenith-of-horror,「戦慄」の頂 ベートーベン,「戦慄」の頂 ベートーベン,alt,term_alias_a5d3c3644da757b99747,term_23_media-duel-masters-dm25_31_term-beethoven-zenith-of-horror,戦慄の頂 ベートーベン,戦慄の頂 ベートーベン,alt,term_alias_1dcca9747ed0c354b141,term_23_media-duel-masters-dm25_31_term-beethoven-zenith-of-horror,Beethoven,beethoven,romaji,term_alias_5b2fbab016a6e59f467a,term_23_media-duel-masters-dm25_31_term-beethoven-zenith-of-horror,Zenith of "Horror",zenith of "horror",alt,term_alias_cf986766ed30333d1bcd,term_23_media-duel-masters-dm25_18_term-eternal-omega,エターナル・Ω,エターナル・ω,alt,term_alias_e7ff7cb008fd9b9fe85c,term_23_media-duel-masters-dm25_18_term-eternal-omega,Eternal Omega,eternal omega,romaji,term_alias_e7ff7cb008fd9b9fe85c,term_23_media-duel-masters-dm25_18_term-eternal-omega,eternal omega,eternal omega,romaji,term_alias_f199c997766f959682bd,term_23_media-duel-masters-dm25_15_term-kirifudash,キリフダッシュ,キリフダッシュ,alt,term_alias_47b15693f239bcba839a,term_23_media-duel-masters-dm25_15_term-kirifudash,Kirifudash,kirifudash,romaji,term_alias_47b15693f239bcba839a,term_23_media-duel-masters-dm25_15_term-kirifudash,kirifudash,kirifudash,romaji,term_alias_ee1ae046f5cf99d18817,term_23_media-duel-masters-dm25_15_term-kirifudash,kirifudasshu,kirifudasshu,romaji
[90m [2m❯[22m LibSQLPreparedQuery.queryWithCache ../Japanese%20Custom%20Study/node_modules/.pnpm/drizzle-orm@0.45.1_@libsql+client@0.17.0_better-sqlite3@12.6.2/node_modules/drizzle-orm/sqlite-core/session.js:[2m43:15[22m[39m
[90m [2m❯[22m LibSQLPreparedQuery.run ../Japanese%20Custom%20Study/node_modules/.pnpm/drizzle-orm@0.45.1_@libsql+client@0.17.0_better-sqlite3@12.6.2/node_modules/drizzle-orm/libsql/session.js:[2m121:12[22m[39m
[36m [2m❯[22m syncMediaPlan src/lib/content/importer/sync.ts:[2m338:5[22m[39m
    [90m336| [39m
    [90m337| [39m  [35mif[39m (termAliases[33m.[39mlength [33m>[39m [34m0[39m) {
    [90m338| [39m    [35mawait[39m transaction[33m.[39m[34minsert[39m(termAlias)[33m.[39m[34mvalues[39m(termAliases)[33m;[39m
    [90m   | [39m    [31m^[39m
    [90m339| [39m  }
    [90m340| [39m
[90m [2m❯[22m syncContentWorkspace src/lib/content/importer/sync.ts:[2m67:25[22m[39m
[90m [2m❯[22m LibSQLSession.transaction ../Japanese%20Custom%20Study/node_modules/.pnpm/drizzle-orm@0.45.1_@libsql+client@0.17.0_better-sqlite3@12.6.2/node_modules/drizzle-orm/libsql/session.js:[2m71:22[22m[39m
[90m [2m❯[22m importContentWorkspace src/lib/content/importer/index.ts:[2m84:24[22m[39m
[90m [2m❯[22m tests/importer.test.ts:[2m169:20[22m[39m

[31m[1mCaused by: LibsqlError[22m: SQLITE_CONSTRAINT: UNIQUE constraint failed: term_alias.term_id, term_alias.alias_norm, term_alias.alias_type[39m
[90m [2m❯[22m mapSqliteError ../Japanese%20Custom%20Study/node_modules/.pnpm/@libsql+client@0.17.0/node_modules/@libsql/client/lib-esm/sqlite3.js:[2m434:16[22m[39m
[90m [2m❯[22m executeStmt ../Japanese%20Custom%20Study/node_modules/.pnpm/@libsql+client@0.17.0/node_modules/@libsql/client/lib-esm/sqlite3.js:[2m337:15[22m[39m
[90m [2m❯[22m Sqlite3Transaction.execute ../Japanese%20Custom%20Study/node_modules/.pnpm/@libsql+client@0.17.0/node_modules/@libsql/client/lib-esm/sqlite3.js:[2m231:16[22m[39m
[90m [2m❯[22m ../Japanese%20Custom%20Study/node_modules/.pnpm/drizzle-orm@0.45.1_@libsql+client@0.17.0_better-sqlite3@12.6.2/node_modules/drizzle-orm/libsql/session.js:[2m123:32[22m[39m
[90m [2m❯[22m LibSQLPreparedQuery.queryWithCache ../Japanese%20Custom%20Study/node_modules/.pnpm/drizzle-orm@0.45.1_@libsql+client@0.17.0_better-sqlite3@12.6.2/node_modules/drizzle-orm/sqlite-core/session.js:[2m41:22[22m[39m
[90m [2m❯[22m LibSQLPreparedQuery.run ../Japanese%20Custom%20Study/node_modules/.pnpm/drizzle-orm@0.45.1_@libsql+client@0.17.0_better-sqlite3@12.6.2/node_modules/drizzle-orm/libsql/session.js:[2m121:23[22m[39m
[90m [2m❯[22m QueryPromise.run ../Japanese%20Custom%20Study/node_modules/.pnpm/drizzle-orm@0.45.1_@libsql+client@0.17.0_better-sqlite3@12.6.2/node_modules/drizzle-orm/sqlite-core/query-builders/insert.js:[2m162:28[22m[39m
[90m [2m❯[22m QueryPromise.execute ../Japanese%20Custom%20Study/node_modules/.pnpm/drizzle-orm@0.45.1_@libsql+client@0.17.0_better-sqlite3@12.6.2/node_modules/drizzle-orm/sqlite-core/query-builders/insert.js:[2m174:54[22m[39m
[90m [2m❯[22m QueryPromise.then ../Japanese%20Custom%20Study/node_modules/.pnpm/drizzle-orm@0.45.1_@libsql+client@0.17.0_better-sqlite3@12.6.2/node_modules/drizzle-orm/query-promise.js:[2m21:17[22m[39m

[31m[2m⎯⎯⎯⎯⎯⎯⎯⎯⎯⎯⎯⎯⎯⎯⎯⎯⎯⎯⎯⎯⎯⎯⎯⎯⎯⎯⎯⎯⎯⎯[22m[39m
[31m[1mSerialized Error:[22m[39m [90m{ code: 'SQLITE_CONSTRAINT', extendedCode: 'SQLITE_CONSTRAINT_UNIQUE', rawCode: 2067 }[39m
[31m[1mCaused by: SqliteError[22m: UNIQUE constraint failed: term_alias.term_id, term_alias.alias_norm, term_alias.alias_type[39m
[90m [2m❯[22m convertError node_modules/.pnpm/libsql@0.5.22/node_modules/libsql/index.js:[2m59:12[22m[39m
[90m [2m❯[22m Statement.run node_modules/.pnpm/libsql@0.5.22/node_modules/libsql/index.js:[2m335:13[22m[39m
[90m [2m❯[22m executeStmt ../Japanese%20Custom%20Study/node_modules/.pnpm/@libsql+client@0.17.0/node_modules/@libsql/client/lib-esm/sqlite3.js:[2m330:34[22m[39m
[90m [2m❯[22m Sqlite3Transaction.execute ../Japanese%20Custom%20Study/node_modules/.pnpm/@libsql+client@0.17.0/node_modules/@libsql/client/lib-esm/sqlite3.js:[2m231:16[22m[39m
[90m [2m❯[22m ../Japanese%20Custom%20Study/node_modules/.pnpm/drizzle-orm@0.45.1_@libsql+client@0.17.0_better-sqlite3@12.6.2/node_modules/drizzle-orm/libsql/session.js:[2m123:32[22m[39m
[90m [2m❯[22m LibSQLPreparedQuery.queryWithCache ../Japanese%20Custom%20Study/node_modules/.pnpm/drizzle-orm@0.45.1_@libsql+client@0.17.0_better-sqlite3@12.6.2/node_modules/drizzle-orm/sqlite-core/session.js:[2m41:22[22m[39m
[90m [2m❯[22m LibSQLPreparedQuery.run ../Japanese%20Custom%20Study/node_modules/.pnpm/drizzle-orm@0.45.1_@libsql+client@0.17.0_better-sqlite3@12.6.2/node_modules/drizzle-orm/libsql/session.js:[2m121:23[22m[39m
[90m [2m❯[22m QueryPromise.run ../Japanese%20Custom%20Study/node_modules/.pnpm/drizzle-orm@0.45.1_@libsql+client@0.17.0_better-sqlite3@12.6.2/node_modules/drizzle-orm/sqlite-core/query-builders/insert.js:[2m162:28[22m[39m
[90m [2m❯[22m QueryPromise.execute ../Japanese%20Custom%20Study/node_modules/.pnpm/drizzle-orm@0.45.1_@libsql+client@0.17.0_better-sqlite3@12.6.2/node_modules/drizzle-orm/sqlite-core/query-builders/insert.js:[2m174:54[22m[39m
[90m [2m❯[22m QueryPromise.then ../Japanese%20Custom%20Study/node_modules/.pnpm/drizzle-orm@0.45.1_@libsql+client@0.17.0_better-sqlite3@12.6.2/node_modules/drizzle-orm/query-promise.js:[2m21:17[22m[39m

[31m[2m⎯⎯⎯⎯⎯⎯⎯⎯⎯⎯⎯⎯⎯⎯⎯⎯⎯⎯⎯⎯⎯⎯⎯⎯⎯⎯⎯⎯⎯⎯[22m[39m
[31m[1mSerialized Error:[22m[39m [90m{ code: 'SQLITE_CONSTRAINT_UNIQUE', rawCode: 2067 }[39m
[31m[2m⎯⎯⎯⎯⎯⎯⎯⎯⎯⎯⎯⎯⎯⎯⎯⎯⎯⎯⎯⎯⎯⎯⎯⎯[2/2]⎯[22m[39m


[2m Test Files [22m [1m[31m2 failed[39m[22m[2m | [22m[1m[32m27 passed[39m[22m[90m (29)[39m
[2m      Tests [22m [1m[31m2 failed[39m[22m[2m | [22m[1m[32m224 passed[39m[22m[90m (226)[39m
[2m   Start at [22m 21:52:36
[2m   Duration [22m 3.92s[2m (transform 3.21s, setup 0ms, import 15.79s, tests 11.47s, environment 2ms)[22m

